Archive member included to satisfy reference by file (symbol)

C:/ST/STM32CubeIDE_1.15.0/STM32CubeIDE/plugins/com.st.stm32cube.ide.mcu.externaltools.gnu-tools-for-stm32.12.3.rel1.win32_1.0.200.202406191623/tools/bin/../lib/gcc/arm-none-eabi/12.3.1/../../../../arm-none-eabi/lib/thumb/v7e-m+fp/hard\libc_nano.a(libc_a-exit.o)
                              C:/ST/STM32CubeIDE_1.15.0/STM32CubeIDE/plugins/com.st.stm32cube.ide.mcu.externaltools.gnu-tools-for-stm32.12.3.rel1.win32_1.0.200.202406191623/tools/bin/../lib/gcc/arm-none-eabi/12.3.1/../../../../arm-none-eabi/lib/thumb/v7e-m+fp/hard/crt0.o (exit)
C:/ST/STM32CubeIDE_1.15.0/STM32CubeIDE/plugins/com.st.stm32cube.ide.mcu.externaltools.gnu-tools-for-stm32.12.3.rel1.win32_1.0.200.202406191623/tools/bin/../lib/gcc/arm-none-eabi/12.3.1/../../../../arm-none-eabi/lib/thumb/v7e-m+fp/hard\libc_nano.a(libc_a-findfp.o)
                              C:/ST/STM32CubeIDE_1.15.0/STM32CubeIDE/plugins/com.st.stm32cube.ide.mcu.externaltools.gnu-tools-for-stm32.12.3.rel1.win32_1.0.200.202406191623/tools/bin/../lib/gcc/arm-none-eabi/12.3.1/../../../../arm-none-eabi/lib/thumb/v7e-m+fp/hard\libc_nano.a(libc_a-exit.o) (__stdio_exit_handler)
C:/ST/STM32CubeIDE_1.15.0/STM32CubeIDE/plugins/com.st.stm32cube.ide.mcu.externaltools.gnu-tools-for-stm32.12.3.rel1.win32_1.0.200.202406191623/tools/bin/../lib/gcc/arm-none-eabi/12.3.1/../../../../arm-none-eabi/lib/thumb/v7e-m+fp/hard\libc_nano.a(libc_a-fwalk.o)
                              C:/ST/STM32CubeIDE_1.15.0/STM32CubeIDE/plugins/com.st.stm32cube.ide.mcu.externaltools.gnu-tools-for-stm32.12.3.rel1.win32_1.0.200.202406191623/tools/bin/../lib/gcc/arm-none-eabi/12.3.1/../../../../arm-none-eabi/lib/thumb/v7e-m+fp/hard\libc_nano.a(libc_a-findfp.o) (_fwalk_sglue)
C:/ST/STM32CubeIDE_1.15.0/STM32CubeIDE/plugins/com.st.stm32cube.ide.mcu.externaltools.gnu-tools-for-stm32.12.3.rel1.win32_1.0.200.202406191623/tools/bin/../lib/gcc/arm-none-eabi/12.3.1/../../../../arm-none-eabi/lib/thumb/v7e-m+fp/hard\libc_nano.a(libc_a-sprintf.o)
                              ./Core/Src/AxelFlow.o (sprintf)
C:/ST/STM32CubeIDE_1.15.0/STM32CubeIDE/plugins/com.st.stm32cube.ide.mcu.externaltools.gnu-tools-for-stm32.12.3.rel1.win32_1.0.200.202406191623/tools/bin/../lib/gcc/arm-none-eabi/12.3.1/../../../../arm-none-eabi/lib/thumb/v7e-m+fp/hard\libc_nano.a(libc_a-stdio.o)
                              C:/ST/STM32CubeIDE_1.15.0/STM32CubeIDE/plugins/com.st.stm32cube.ide.mcu.externaltools.gnu-tools-for-stm32.12.3.rel1.win32_1.0.200.202406191623/tools/bin/../lib/gcc/arm-none-eabi/12.3.1/../../../../arm-none-eabi/lib/thumb/v7e-m+fp/hard\libc_nano.a(libc_a-findfp.o) (__sread)
C:/ST/STM32CubeIDE_1.15.0/STM32CubeIDE/plugins/com.st.stm32cube.ide.mcu.externaltools.gnu-tools-for-stm32.12.3.rel1.win32_1.0.200.202406191623/tools/bin/../lib/gcc/arm-none-eabi/12.3.1/../../../../arm-none-eabi/lib/thumb/v7e-m+fp/hard\libc_nano.a(libc_a-memset.o)
                              C:/ST/STM32CubeIDE_1.15.0/STM32CubeIDE/plugins/com.st.stm32cube.ide.mcu.externaltools.gnu-tools-for-stm32.12.3.rel1.win32_1.0.200.202406191623/tools/bin/../lib/gcc/arm-none-eabi/12.3.1/../../../../arm-none-eabi/lib/thumb/v7e-m+fp/hard/crt0.o (memset)
C:/ST/STM32CubeIDE_1.15.0/STM32CubeIDE/plugins/com.st.stm32cube.ide.mcu.externaltools.gnu-tools-for-stm32.12.3.rel1.win32_1.0.200.202406191623/tools/bin/../lib/gcc/arm-none-eabi/12.3.1/../../../../arm-none-eabi/lib/thumb/v7e-m+fp/hard\libc_nano.a(libc_a-closer.o)
                              C:/ST/STM32CubeIDE_1.15.0/STM32CubeIDE/plugins/com.st.stm32cube.ide.mcu.externaltools.gnu-tools-for-stm32.12.3.rel1.win32_1.0.200.202406191623/tools/bin/../lib/gcc/arm-none-eabi/12.3.1/../../../../arm-none-eabi/lib/thumb/v7e-m+fp/hard\libc_nano.a(libc_a-stdio.o) (_close_r)
C:/ST/STM32CubeIDE_1.15.0/STM32CubeIDE/plugins/com.st.stm32cube.ide.mcu.externaltools.gnu-tools-for-stm32.12.3.rel1.win32_1.0.200.202406191623/tools/bin/../lib/gcc/arm-none-eabi/12.3.1/../../../../arm-none-eabi/lib/thumb/v7e-m+fp/hard\libc_nano.a(libc_a-reent.o)
                              C:/ST/STM32CubeIDE_1.15.0/STM32CubeIDE/plugins/com.st.stm32cube.ide.mcu.externaltools.gnu-tools-for-stm32.12.3.rel1.win32_1.0.200.202406191623/tools/bin/../lib/gcc/arm-none-eabi/12.3.1/../../../../arm-none-eabi/lib/thumb/v7e-m+fp/hard\libc_nano.a(libc_a-closer.o) (errno)
C:/ST/STM32CubeIDE_1.15.0/STM32CubeIDE/plugins/com.st.stm32cube.ide.mcu.externaltools.gnu-tools-for-stm32.12.3.rel1.win32_1.0.200.202406191623/tools/bin/../lib/gcc/arm-none-eabi/12.3.1/../../../../arm-none-eabi/lib/thumb/v7e-m+fp/hard\libc_nano.a(libc_a-impure.o)
                              C:/ST/STM32CubeIDE_1.15.0/STM32CubeIDE/plugins/com.st.stm32cube.ide.mcu.externaltools.gnu-tools-for-stm32.12.3.rel1.win32_1.0.200.202406191623/tools/bin/../lib/gcc/arm-none-eabi/12.3.1/../../../../arm-none-eabi/lib/thumb/v7e-m+fp/hard\libc_nano.a(libc_a-sprintf.o) (_impure_ptr)
[...]
Memory Configuration

Name             Origin             Length             Attributes
RAM              0x20000000         0x00020000         xrw
FLASH            0x08000000         0x00080000         xr
*default*        0x00000000         0xffffffff

Linker script and memory map

LOAD C:/ST/STM32CubeIDE_1.15.0/STM32CubeIDE/plugins/com.st.stm32cube.ide.mcu.externaltools.gnu-tools-for-stm32.12.3.rel1.win32_1.0.200.202406191623/tools/bin/../lib/gcc/arm-none-eabi/12.3.1/thumb/v7e-m+fp/hard/crti.o
LOAD C:/ST/STM32CubeIDE_1.15.0/STM32CubeIDE/plugins/com.st.stm32cube.ide.mcu.externaltools.gnu-tools-for-stm32.12.3.rel1.win32_1.0.200.202406191623/tools/bin/../lib/gcc/arm-none-eabi/12.3.1/thumb/v7e-m+fp/hard/crtbegin.o
LOAD C:/ST/STM32CubeIDE_1.15.0/STM32CubeIDE/plugins/com.st.stm32cube.ide.mcu.externaltools.gnu-tools-for-stm32.12.3.rel1.win32_1.0.200.202406191623/tools/bin/../lib/gcc/arm-none-eabi/12.3.1/../../../../arm-none-eabi/lib/thumb/v7e-m+fp/hard/crt0.o
LOAD ./Core/Src/AxelFlow.o
LOAD ./Core/Src/AxelFlow_Debug.o
LOAD ./Core/Src/AxelFlow_Serial.o
LOAD ./Core/Src/main.o
LOAD ./Core/Src/stm32f4xx_hal_msp.o
LOAD ./Core/Src/stm32f4xx_it.o
LOAD ./Core/Src/syscalls.o
LOAD ./Core/Src/sysmem.o
LOAD ./Core/Src/system_stm32f4xx.o
LOAD ./Core/Startup/startup_stm32f411ceux.o
LOAD ./Drivers/STM32F4xx_HAL_Driver/Src/stm32f4xx_hal.o
LOAD ./Drivers/STM32F4xx_HAL_Driver/Src/stm32f4xx_hal_cortex.o
LOAD ./Drivers/STM32F4xx_HAL_Driver/Src/stm32f4xx_hal_dma.o
LOAD ./Drivers/STM32F4xx_HAL_Driver/Src/stm32f4xx_hal_dma_ex.o
LOAD ./Drivers/STM32F4xx_HAL_Driver/Src/stm32f4xx_hal_exti.o
LOAD ./Drivers/STM32F4xx_HAL_Driver/Src/stm32f4xx_hal_flash.o
LOAD ./Drivers/STM32F4xx_HAL_Driver/Src/stm32f4xx_hal_flash_ex.o
LOAD ./Drivers/STM32F4xx_HAL_Driver/Src/stm32f4xx_hal_flash_ramfunc.o
LOAD ./Drivers/STM32F4xx_HAL_Driver/Src/stm32f4xx_hal_gpio.o
LOAD ./Drivers/STM32F4xx_HAL_Driver/Src/stm32f4xx_hal_pcd.o
LOAD ./Drivers/STM32F4xx_HAL_Driver/Src/stm32f4xx_hal_pcd_ex.o
LOAD ./Drivers/STM32F4xx_HAL_Driver/Src/stm32f4xx_hal_pwr.o
LOAD ./Drivers/STM32F4xx_HAL_Driver/Src/stm32f4xx_hal_pwr_ex.o
LOAD ./Drivers/STM32F4xx_HAL_Driver/Src/stm32f4xx_hal_rcc.o
LOAD ./Drivers/STM32F4xx_HAL_Driver/Src/stm32f4xx_hal_rcc_ex.o
LOAD ./Drivers/STM32F4xx_HAL_Driver/Src/stm32f4xx_hal_tim.o
LOAD ./Drivers/STM32F4xx_HAL_Driver/Src/stm32f4xx_hal_tim_ex.o
LOAD ./Drivers/STM32F4xx_HAL_Driver/Src/stm32f4xx_hal_uart.o
LOAD ./Drivers/STM32F4xx_HAL_Driver/Src/stm32f4xx_ll_usb.o
LOAD ./Middlewares/ST/STM32_USB_Device_Library/Class/CDC/Src/usbd_cdc.o
LOAD ./Middlewares/ST/STM32_USB_Device_Library/Core/Src/usbd_core.o
LOAD ./Middlewares/ST/STM32_USB_Device_Library/Core/Src/usbd_ctlreq.o
LOAD ./Middlewares/ST/STM32_USB_Device_Library/Core/Src/usbd_ioreq.o
LOAD ./USB_DEVICE/App/usb_device.o
LOAD ./USB_DEVICE/App/usbd_cdc_if.o
LOAD ./USB_DEVICE/App/usbd_desc.o
LOAD ./USB_DEVICE/Target/usbd_conf.o
START GROUP
LOAD C:/ST/STM32CubeIDE_1.15.0/STM32CubeIDE/plugins/com.st.stm32cube.ide.mcu.externaltools.gnu-tools-for-stm32.12.3.rel1.win32_1.0.200.202406191623/tools/bin/../lib/gcc/arm-none-eabi/12.3.1/../../../../arm-none-eabi/lib/thumb/v7e-m+fp/hard\libc_nano.a
LOAD C:/ST/STM32CubeIDE_1.15.0/STM32CubeIDE/plugins/com.st.stm32cube.ide.mcu.externaltools.gnu-tools-for-stm32.12.3.rel1.win32_1.0.200.202406191623/tools/bin/../lib/gcc/arm-none-eabi/12.3.1/../../../../arm-none-eabi/lib/thumb/v7e-m+fp/hard\libm.a
END GROUP
START GROUP
LOAD C:/ST/STM32CubeIDE_1.15.0/STM32CubeIDE/plugins/com.st.stm32cube.ide.mcu.externaltools.gnu-tools-for-stm32.12.3.rel1.win32_1.0.200.202406191623/tools/bin/../lib/gcc/arm-none-eabi/12.3.1/thumb/v7e-m+fp/hard\libgcc.a
LOAD C:/ST/STM32CubeIDE_1.15.0/STM32CubeIDE/plugins/com.st.stm32cube.ide.mcu.externaltools.gnu-tools-for-stm32.12.3.rel1.win32_1.0.200.202406191623/tools/bin/../lib/gcc/arm-none-eabi/12.3.1/../../../../arm-none-eabi/lib/thumb/v7e-m+fp/hard\libc_nano.a
END GROUP
START GROUP
LOAD C:/ST/STM32CubeIDE_1.15.0/STM32CubeIDE/plugins/com.st.stm32cube.ide.mcu.externaltools.gnu-tools-for-stm32.12.3.rel1.win32_1.0.200.202406191623/tools/bin/../lib/gcc/arm-none-eabi/12.3.1/thumb/v7e-m+fp/hard\libgcc.a
LOAD C:/ST/STM32CubeIDE_1.15.0/STM32CubeIDE/plugins/com.st.stm32cube.ide.mcu.externaltools.gnu-tools-for-stm32.12.3.rel1.win32_1.0.200.202406191623/tools/bin/../lib/gcc/arm-none-eabi/12.3.1/../../../../arm-none-eabi/lib/thumb/v7e-m+fp/hard\libc_nano.a
LOAD C:/ST/STM32CubeIDE_1.15.0/STM32CubeIDE/plugins/com.st.stm32cube.ide.mcu.externaltools.gnu-tools-for-stm32.12.3.rel1.win32_1.0.200.202406191623/tools/bin/../lib/gcc/arm-none-eabi/12.3.1/../../../../arm-none-eabi/lib/thumb/v7e-m+fp/hard\libnosys.a
END GROUP
START GROUP
LOAD C:/ST/STM32CubeIDE_1.15.0/STM32CubeIDE/plugins/com.st.stm32cube.ide.mcu.externaltools.gnu-tools-for-stm32.12.3.rel1.win32_1.0.200.202406191623/tools/bin/../lib/gcc/arm-none-eabi/12.3.1/thumb/v7e-m+fp/hard\libgcc.a
LOAD C:/ST/STM32CubeIDE_1.15.0/STM32CubeIDE/plugins/com.st.stm32cube.ide.mcu.externaltools.gnu-tools-for-stm32.12.3.rel1.win32_1.0.200.202406191623/tools/bin/../lib/gcc/arm-none-eabi/12.3.1/../../../../arm-none-eabi/lib/thumb/v7e-m+fp/hard\libc_nano.a
LOAD C:/ST/STM32CubeIDE_1.15.0/STM32CubeIDE/plugins/com.st.stm32cube.ide.mcu.externaltools.gnu-tools-for-stm32.12.3.rel1.win32_1.0.200.202406191623/tools/bin/../lib/gcc/arm-none-eabi/12.3.1/../../../../arm-none-eabi/lib/thumb/v7e-m+fp/hard\libnosys.a
END GROUP
LOAD C:/ST/STM32CubeIDE_1.15.0/STM32CubeIDE/plugins/com.st.stm32cube.ide.mcu.externaltools.gnu-tools-for-stm32.12.3.rel1.win32_1.0.200.202406191623/tools/bin/../lib/gcc/arm-none-eabi/12.3.1/thumb/v7e-m+fp/hard/crtend.o
LOAD C:/ST/STM32CubeIDE_1.15.0/STM32CubeIDE/plugins/com.st.stm32cube.ide.mcu.externaltools.gnu-tools-for-stm32.12.3.rel1.win32_1.0.200.202406191623/tools/bin/../lib/gcc/arm-none-eabi/12.3.1/thumb/v7e-m+fp/hard/crtn.o
                0x20020000                        _estack = (ORIGIN (RAM) + LENGTH (RAM))
                0x00000200                        _Min_Heap_Size = 0x200
                0x00000400                        _Min_Stack_Size = 0x400

.isr_vector     0x08000000      0x198
                0x08000000                        . = ALIGN (0x4)
 *(.isr_vector)
 .isr_vector    0x08000000      0x198 ./Core/Startup/startup_stm32f411ceux.o
                0x08000000                g_pfnVectors
                0x08000198                        . = ALIGN (0x4)

.text           0x08000198     0x85e4
                0x08000198                        . = ALIGN (0x4)
 *(.text)
 .text          0x08000198       0x40 C:/ST/STM32CubeIDE_1.15.0/STM32CubeIDE/plugins/com.st.stm32cube.ide.mcu.externaltools.gnu-tools-for-stm32.12.3.rel1.win32_1.0.200.202406191623/tools/bin/../lib/gcc/arm-none-eabi/12.3.1/thumb/v7e-m+fp/hard/crtbegin.o
 .text          0x080001d8       0x30 C:/ST/STM32CubeIDE_1.15.0/STM32CubeIDE/plugins/com.st.stm32cube.ide.mcu.externaltools.gnu-tools-for-stm32.12.3.rel1.win32_1.0.200.202406191623/tools/bin/../lib/gcc/arm-none-eabi/12.3.1/thumb/v7e-m+fp/hard\libgcc.a(_aeabi_uldivmod.o)
                0x080001d8                __aeabi_uldivmod
 .text          0x08000208      0x2bc C:/ST/STM32CubeIDE_1.15.0/STM32CubeIDE/plugins/com.st.stm32cube.ide.mcu.externaltools.gnu-tools-for-stm32.12.3.rel1.win32_1.0.200.202406191623/tools/bin/../lib/gcc/arm-none-eabi/12.3.1/thumb/v7e-m+fp/hard\libgcc.a(_udivmoddi4.o)
                0x08000208                __udivmoddi4
 .text          0x080004c4        0x4 C:/ST/STM32CubeIDE_1.15.0/STM32CubeIDE/plugins/com.st.stm32cube.ide.mcu.externaltools.gnu-tools-for-stm32.12.3.rel1.win32_1.0.200.202406191623/tools/bin/../lib/gcc/arm-none-eabi/12.3.1/thumb/v7e-m+fp/hard\libgcc.a(_dvmd_tls.o)
                0x080004c4                __aeabi_idiv0
                0x080004c4                __aeabi_ldiv0
 *(.text*)
 .text.AxelFlow_servo_init
                0x080004c8       0x46 ./Core/Src/AxelFlow.o
                0x080004c8                AxelFlow_servo_init
 *fill*         0x0800050e        0x2 
 .text.degreesToData
                0x08000510       0x64 ./Core/Src/AxelFlow.o
                0x08000510                degreesToData
 .text.setPosition
                0x08000574       0x80 ./Core/Src/AxelFlow.o
                0x08000574                setPosition
 .text.setSpeed
                0x080005f4      0x138 ./Core/Src/AxelFlow.o
                0x080005f4                setSpeed
 .text.AxelFlow_debug_init
                0x0800072c       0x24 ./Core/Src/AxelFlow_Debug.o
                0x0800072c                AxelFlow_debug_init
 .text.AxelFlow_UART_Init
                0x08000750       0x4e ./Core/Src/AxelFlow_Serial.o
                0x08000750                AxelFlow_UART_Init
 .text.getChecksum
                0x0800079e       0x4e ./Core/Src/AxelFlow_Serial.o
                0x0800079e                getChecksum
 .text.struct_to_arr
                0x080007ec       0x90 ./Core/Src/AxelFlow_Serial.o
                0x080007ec                struct_to_arr
 .text.arr_to_struct
                0x0800087c       0xda ./Core/Src/AxelFlow_Serial.o
                0x0800087c                arr_to_struct
 *fill*         0x08000956        0x2 
 .text.AxelFlow_fire
                0x08000958      0x19c ./Core/Src/AxelFlow_Serial.o
                0x08000958                AxelFlow_fire
 .text.main     0x08000af4      0x194 ./Core/Src/main.o
                0x08000af4                main
 .text.SystemClock_Config
                0x08000c88       0xd4 ./Core/Src/main.o
                0x08000c88                SystemClock_Config
 .text.MX_USART1_UART_Init
                0x08000d5c       0x54 ./Core/Src/main.o
 .text.MX_USART2_UART_Init
                0x08000db0       0x54 ./Core/Src/main.o
 .text.MX_GPIO_Init
                0x08000e04       0x50 ./Core/Src/main.o
 .text.Error_Handler
                0x08000e54        0xc ./Core/Src/main.o
                0x08000e54                Error_Handler
 .text.HAL_MspInit
                0x08000e60       0x50 ./Core/Src/stm32f4xx_hal_msp.o
                0x08000e60                HAL_MspInit
 .text.HAL_UART_MspInit
                0x08000eb0      0x108 ./Core/Src/stm32f4xx_hal_msp.o
                0x08000eb0                HAL_UART_MspInit
 .text.NMI_Handler
                0x08000fb8        0x8 ./Core/Src/stm32f4xx_it.o
                0x08000fb8                NMI_Handler
 .text.HardFault_Handler
                0x08000fc0        0x8 ./Core/Src/stm32f4xx_it.o
                0x08000fc0                HardFault_Handler
 .text.MemManage_Handler
                0x08000fc8        0x8 ./Core/Src/stm32f4xx_it.o
                0x08000fc8                MemManage_Handler
 .text.BusFault_Handler
                0x08000fd0        0x8 ./Core/Src/stm32f4xx_it.o
                0x08000fd0                BusFault_Handler
 .text.UsageFault_Handler
                0x08000fd8        0x8 ./Core/Src/stm32f4xx_it.o
                0x08000fd8                UsageFault_Handler
 .text.SVC_Handler
                0x08000fe0        0xe ./Core/Src/stm32f4xx_it.o
                0x08000fe0                SVC_Handler
 .text.DebugMon_Handler
                0x08000fee        0xe ./Core/Src/stm32f4xx_it.o
                0x08000fee                DebugMon_Handler
 .text.PendSV_Handler
                0x08000ffc        0xe ./Core/Src/stm32f4xx_it.o
                0x08000ffc                PendSV_Handler
 .text.SysTick_Handler
                0x0800100a        0xc ./Core/Src/stm32f4xx_it.o
                0x0800100a                SysTick_Handler
 *fill*         0x08001016        0x2 
 .text.USART1_IRQHandler
                0x08001018       0x14 ./Core/Src/stm32f4xx_it.o
                0x08001018                USART1_IRQHandler
 .text.OTG_FS_IRQHandler
                0x0800102c       0x14 ./Core/Src/stm32f4xx_it.o
                0x0800102c                OTG_FS_IRQHandler
 .text.SystemInit
                0x08001040       0x24 ./Core/Src/system_stm32f4xx.o
                0x08001040                SystemInit
 .text.Reset_Handler
                0x08001064       0x50 ./Core/Startup/startup_stm32f411ceux.o
                0x08001064                Reset_Handler
 .text.Default_Handler
                0x080010b4        0x2 ./Core/Startup/startup_stm32f411ceux.o
                0x080010b4                RTC_Alarm_IRQHandler
                0x080010b4                EXTI2_IRQHandler
                0x080010b4                SPI4_IRQHandler
                0x080010b4                TIM1_CC_IRQHandler
                0x080010b4                DMA2_Stream5_IRQHandler
                0x080010b4                DMA1_Stream5_IRQHandler
                0x080010b4                PVD_IRQHandler
                0x080010b4                SDIO_IRQHandler
                0x080010b4                TAMP_STAMP_IRQHandler
                0x080010b4                EXTI3_IRQHandler
                0x080010b4                TIM1_UP_TIM10_IRQHandler
                0x080010b4                I2C3_ER_IRQHandler
                0x080010b4                EXTI0_IRQHandler
                0x080010b4                I2C2_EV_IRQHandler
                0x080010b4                DMA1_Stream2_IRQHandler
                0x080010b4                FPU_IRQHandler
                0x080010b4                DMA2_Stream2_IRQHandler
                0x080010b4                SPI1_IRQHandler
                0x080010b4                TIM1_BRK_TIM9_IRQHandler
                0x080010b4                DMA2_Stream3_IRQHandler
                0x080010b4                USART6_IRQHandler
                0x080010b4                DMA2_Stream0_IRQHandler
                0x080010b4                TIM4_IRQHandler
                0x080010b4                I2C1_EV_IRQHandler
                0x080010b4                DMA1_Stream6_IRQHandler
                0x080010b4                DMA1_Stream1_IRQHandler
                0x080010b4                TIM3_IRQHandler
                0x080010b4                RCC_IRQHandler
                0x080010b4                Default_Handler
                0x080010b4                EXTI15_10_IRQHandler
                0x080010b4                ADC_IRQHandler
                0x080010b4                DMA1_Stream7_IRQHandler
                0x080010b4                SPI5_IRQHandler
                0x080010b4                TIM5_IRQHandler
                0x080010b4                DMA2_Stream7_IRQHandler
                0x080010b4                I2C3_EV_IRQHandler
                0x080010b4                EXTI9_5_IRQHandler
                0x080010b4                RTC_WKUP_IRQHandler
                0x080010b4                SPI2_IRQHandler
                0x080010b4                DMA1_Stream0_IRQHandler
                0x080010b4                EXTI4_IRQHandler
                0x080010b4                WWDG_IRQHandler
                0x080010b4                TIM2_IRQHandler
                0x080010b4                OTG_FS_WKUP_IRQHandler
                0x080010b4                TIM1_TRG_COM_TIM11_IRQHandler
                0x080010b4                EXTI1_IRQHandler
                0x080010b4                USART2_IRQHandler
                0x080010b4                I2C2_ER_IRQHandler
                0x080010b4                DMA2_Stream1_IRQHandler
                0x080010b4                FLASH_IRQHandler
                0x080010b4                DMA2_Stream4_IRQHandler
                0x080010b4                SPI3_IRQHandler
                0x080010b4                DMA1_Stream4_IRQHandler
                0x080010b4                I2C1_ER_IRQHandler
                0x080010b4                DMA2_Stream6_IRQHandler
                0x080010b4                DMA1_Stream3_IRQHandler
 *fill*         0x080010b6        0x2 
 .text.HAL_Init
                0x080010b8       0x44 ./Drivers/STM32F4xx_HAL_Driver/Src/stm32f4xx_hal.o
                0x080010b8                HAL_Init
 .text.HAL_InitTick
                0x080010fc       0x60 ./Drivers/STM32F4xx_HAL_Driver/Src/stm32f4xx_hal.o
                0x080010fc                HAL_InitTick
 .text.HAL_IncTick
                0x0800115c       0x28 ./Drivers/STM32F4xx_HAL_Driver/Src/stm32f4xx_hal.o
                0x0800115c                HAL_IncTick
 .text.HAL_GetTick
                0x08001184       0x18 ./Drivers/STM32F4xx_HAL_Driver/Src/stm32f4xx_hal.o
                0x08001184                HAL_GetTick
 .text.HAL_Delay
                0x0800119c       0x48 ./Drivers/STM32F4xx_HAL_Driver/Src/stm32f4xx_hal.o
                0x0800119c                HAL_Delay
 .text.__NVIC_SetPriorityGrouping
                0x080011e4       0x48 ./Drivers/STM32F4xx_HAL_Driver/Src/stm32f4xx_hal_cortex.o
 .text.__NVIC_GetPriorityGrouping
                0x0800122c       0x1c ./Drivers/STM32F4xx_HAL_Driver/Src/stm32f4xx_hal_cortex.o
 .text.__NVIC_EnableIRQ
                0x08001248       0x3c ./Drivers/STM32F4xx_HAL_Driver/Src/stm32f4xx_hal_cortex.o
 .text.__NVIC_SetPriority
                0x08001284       0x54 ./Drivers/STM32F4xx_HAL_Driver/Src/stm32f4xx_hal_cortex.o
 .text.NVIC_EncodePriority
                0x080012d8       0x66 ./Drivers/STM32F4xx_HAL_Driver/Src/stm32f4xx_hal_cortex.o
 *fill*         0x0800133e        0x2 
 .text.SysTick_Config
                0x08001340       0x44 ./Drivers/STM32F4xx_HAL_Driver/Src/stm32f4xx_hal_cortex.o
 .text.HAL_NVIC_SetPriorityGrouping
                0x08001384       0x16 ./Drivers/STM32F4xx_HAL_Driver/Src/stm32f4xx_hal_cortex.o
                0x08001384                HAL_NVIC_SetPriorityGrouping
 .text.HAL_NVIC_SetPriority
                0x0800139a       0x38 ./Drivers/STM32F4xx_HAL_Driver/Src/stm32f4xx_hal_cortex.o
                0x0800139a                HAL_NVIC_SetPriority
 .text.HAL_NVIC_EnableIRQ
                0x080013d2       0x1c ./Drivers/STM32F4xx_HAL_Driver/Src/stm32f4xx_hal_cortex.o
                0x080013d2                HAL_NVIC_EnableIRQ
 .text.HAL_SYSTICK_Config
                0x080013ee       0x18 ./Drivers/STM32F4xx_HAL_Driver/Src/stm32f4xx_hal_cortex.o
                0x080013ee                HAL_SYSTICK_Config
 .text.HAL_DMA_Abort
                0x08001406       0xe0 ./Drivers/STM32F4xx_HAL_Driver/Src/stm32f4xx_hal_dma.o
                0x08001406                HAL_DMA_Abort
 .text.HAL_DMA_Abort_IT
                0x080014e6       0x44 ./Drivers/STM32F4xx_HAL_Driver/Src/stm32f4xx_hal_dma.o
                0x080014e6                HAL_DMA_Abort_IT
 *fill*         0x0800152a        0x2 
 .text.HAL_GPIO_Init
                0x0800152c      0x308 ./Drivers/STM32F4xx_HAL_Driver/Src/stm32f4xx_hal_gpio.o
                0x0800152c                HAL_GPIO_Init
 .text.HAL_PCD_Init
                0x08001834      0x21e ./Drivers/STM32F4xx_HAL_Driver/Src/stm32f4xx_hal_pcd.o
                0x08001834                HAL_PCD_Init
 .text.HAL_PCD_Start
                0x08001a52       0x6a ./Drivers/STM32F4xx_HAL_Driver/Src/stm32f4xx_hal_pcd.o
                0x08001a52                HAL_PCD_Start
 .text.HAL_PCD_IRQHandler
                0x08001abc      0x942 ./Drivers/STM32F4xx_HAL_Driver/Src/stm32f4xx_hal_pcd.o
                0x08001abc                HAL_PCD_IRQHandler
 .text.HAL_PCD_SetAddress
                0x080023fe       0x48 ./Drivers/STM32F4xx_HAL_Driver/Src/stm32f4xx_hal_pcd.o
                0x080023fe                HAL_PCD_SetAddress
 .text.HAL_PCD_EP_Open
                0x08002446       0xd4 ./Drivers/STM32F4xx_HAL_Driver/Src/stm32f4xx_hal_pcd.o
                0x08002446                HAL_PCD_EP_Open
 .text.HAL_PCD_EP_Close
                0x0800251a       0x94 ./Drivers/STM32F4xx_HAL_Driver/Src/stm32f4xx_hal_pcd.o
                0x0800251a                HAL_PCD_EP_Close
 .text.HAL_PCD_EP_Receive
                0x080025ae       0x76 ./Drivers/STM32F4xx_HAL_Driver/Src/stm32f4xx_hal_pcd.o
                0x080025ae                HAL_PCD_EP_Receive
 .text.HAL_PCD_EP_GetRxCount
                0x08002624       0x30 ./Drivers/STM32F4xx_HAL_Driver/Src/stm32f4xx_hal_pcd.o
                0x08002624                HAL_PCD_EP_GetRxCount
 .text.HAL_PCD_EP_Transmit
                0x08002654       0x74 ./Drivers/STM32F4xx_HAL_Driver/Src/stm32f4xx_hal_pcd.o
                0x08002654                HAL_PCD_EP_Transmit
 .text.HAL_PCD_EP_SetStall
                0x080026c8       0xc6 ./Drivers/STM32F4xx_HAL_Driver/Src/stm32f4xx_hal_pcd.o
                0x080026c8                HAL_PCD_EP_SetStall
 .text.HAL_PCD_EP_ClrStall
                0x0800278e       0xac ./Drivers/STM32F4xx_HAL_Driver/Src/stm32f4xx_hal_pcd.o
                0x0800278e                HAL_PCD_EP_ClrStall
 .text.HAL_PCD_EP_Abort
                0x0800283a       0x62 ./Drivers/STM32F4xx_HAL_Driver/Src/stm32f4xx_hal_pcd.o
                0x0800283a                HAL_PCD_EP_Abort
 .text.PCD_WriteEmptyTxFifo
                0x0800289c      0x118 ./Drivers/STM32F4xx_HAL_Driver/Src/stm32f4xx_hal_pcd.o
 .text.PCD_EP_OutXfrComplete_int
                0x080029b4      0x1d0 ./Drivers/STM32F4xx_HAL_Driver/Src/stm32f4xx_hal_pcd.o
 .text.PCD_EP_OutSetupPacket_int
                0x08002b84       0x8c ./Drivers/STM32F4xx_HAL_Driver/Src/stm32f4xx_hal_pcd.o
 .text.HAL_PCDEx_SetTxFiFo
                0x08002c10       0x8e ./Drivers/STM32F4xx_HAL_Driver/Src/stm32f4xx_hal_pcd_ex.o
                0x08002c10                HAL_PCDEx_SetTxFiFo
 .text.HAL_PCDEx_SetRxFiFo
                0x08002c9e       0x22 ./Drivers/STM32F4xx_HAL_Driver/Src/stm32f4xx_hal_pcd_ex.o
                0x08002c9e                HAL_PCDEx_SetRxFiFo
 .text.HAL_PCDEx_LPM_Callback
                0x08002cc0       0x18 ./Drivers/STM32F4xx_HAL_Driver/Src/stm32f4xx_hal_pcd_ex.o
                0x08002cc0                HAL_PCDEx_LPM_Callback
 .text.HAL_RCC_OscConfig
                0x08002cd8      0x4f0 ./Drivers/STM32F4xx_HAL_Driver/Src/stm32f4xx_hal_rcc.o
                0x08002cd8                HAL_RCC_OscConfig
 .text.HAL_RCC_ClockConfig
                0x080031c8      0x1cc ./Drivers/STM32F4xx_HAL_Driver/Src/stm32f4xx_hal_rcc.o
                0x080031c8                HAL_RCC_ClockConfig
 .text.HAL_RCC_GetSysClockFreq
                0x08003394      0x18c ./Drivers/STM32F4xx_HAL_Driver/Src/stm32f4xx_hal_rcc.o
                0x08003394                HAL_RCC_GetSysClockFreq
 .text.HAL_RCC_GetHCLKFreq
                0x08003520       0x18 ./Drivers/STM32F4xx_HAL_Driver/Src/stm32f4xx_hal_rcc.o
                0x08003520                HAL_RCC_GetHCLKFreq
 .text.HAL_RCC_GetPCLK1Freq
                0x08003538       0x28 ./Drivers/STM32F4xx_HAL_Driver/Src/stm32f4xx_hal_rcc.o
                0x08003538                HAL_RCC_GetPCLK1Freq
 .text.HAL_RCC_GetPCLK2Freq
                0x08003560       0x28 ./Drivers/STM32F4xx_HAL_Driver/Src/stm32f4xx_hal_rcc.o
                0x08003560                HAL_RCC_GetPCLK2Freq
 .text.HAL_UART_Init
                0x08003588       0xa0 ./Drivers/STM32F4xx_HAL_Driver/Src/stm32f4xx_hal_uart.o
                0x08003588                HAL_UART_Init
 .text.HAL_HalfDuplex_Init
                0x08003628       0xb0 ./Drivers/STM32F4xx_HAL_Driver/Src/stm32f4xx_hal_uart.o
                0x08003628                HAL_HalfDuplex_Init
 .text.HAL_UART_Transmit
                0x080036d8      0x116 ./Drivers/STM32F4xx_HAL_Driver/Src/stm32f4xx_hal_uart.o
                0x080036d8                HAL_UART_Transmit
 .text.HAL_UART_Receive
                0x080037ee      0x12e ./Drivers/STM32F4xx_HAL_Driver/Src/stm32f4xx_hal_uart.o
                0x080037ee                HAL_UART_Receive
 .text.HAL_UART_IRQHandler
                0x0800391c      0x524 ./Drivers/STM32F4xx_HAL_Driver/Src/stm32f4xx_hal_uart.o
                0x0800391c                HAL_UART_IRQHandler
 .text.HAL_UART_TxCpltCallback
                0x08003e40       0x14 ./Drivers/STM32F4xx_HAL_Driver/Src/stm32f4xx_hal_uart.o
                0x08003e40                HAL_UART_TxCpltCallback
 .text.HAL_UART_RxCpltCallback
                0x08003e54       0x14 ./Drivers/STM32F4xx_HAL_Driver/Src/stm32f4xx_hal_uart.o
                0x08003e54                HAL_UART_RxCpltCallback
 .text.HAL_UART_ErrorCallback
                0x08003e68       0x14 ./Drivers/STM32F4xx_HAL_Driver/Src/stm32f4xx_hal_uart.o
                0x08003e68                HAL_UART_ErrorCallback
 .text.HAL_UARTEx_RxEventCallback
                0x08003e7c       0x18 ./Drivers/STM32F4xx_HAL_Driver/Src/stm32f4xx_hal_uart.o
                0x08003e7c                HAL_UARTEx_RxEventCallback
 .text.UART_WaitOnFlagUntilTimeout
                0x08003e94       0xb2 ./Drivers/STM32F4xx_HAL_Driver/Src/stm32f4xx_hal_uart.o
 .text.UART_EndRxTransfer
                0x08003f46       0xc6 ./Drivers/STM32F4xx_HAL_Driver/Src/stm32f4xx_hal_uart.o
 .text.UART_DMAAbortOnError
                0x0800400c       0x28 ./Drivers/STM32F4xx_HAL_Driver/Src/stm32f4xx_hal_uart.o
 .text.UART_Transmit_IT
                0x08004034       0xa0 ./Drivers/STM32F4xx_HAL_Driver/Src/stm32f4xx_hal_uart.o
 .text.UART_EndTransmit_IT
                0x080040d4       0x30 ./Drivers/STM32F4xx_HAL_Driver/Src/stm32f4xx_hal_uart.o
 .text.UART_Receive_IT
                0x08004104      0x17c ./Drivers/STM32F4xx_HAL_Driver/Src/stm32f4xx_hal_uart.o
 .text.UART_SetConfig
                0x08004280      0x4e8 ./Drivers/STM32F4xx_HAL_Driver/Src/stm32f4xx_hal_uart.o
 .text.USB_CoreInit
                0x08004768       0xc8 ./Drivers/STM32F4xx_HAL_Driver/Src/stm32f4xx_ll_usb.o
                0x08004768                USB_CoreInit
 .text.USB_SetTurnaroundTime
                0x08004830      0x144 ./Drivers/STM32F4xx_HAL_Driver/Src/stm32f4xx_ll_usb.o
                0x08004830                USB_SetTurnaroundTime
 .text.USB_EnableGlobalInt
                0x08004974       0x22 ./Drivers/STM32F4xx_HAL_Driver/Src/stm32f4xx_ll_usb.o
                0x08004974                USB_EnableGlobalInt
 .text.USB_DisableGlobalInt
                0x08004996       0x22 ./Drivers/STM32F4xx_HAL_Driver/Src/stm32f4xx_ll_usb.o
                0x08004996                USB_DisableGlobalInt
 .text.USB_SetCurrentMode
                0x080049b8       0x98 ./Drivers/STM32F4xx_HAL_Driver/Src/stm32f4xx_ll_usb.o
                0x080049b8                USB_SetCurrentMode
 .text.USB_DevInit
                0x08004a50      0x2c8 ./Drivers/STM32F4xx_HAL_Driver/Src/stm32f4xx_ll_usb.o
                0x08004a50                USB_DevInit
 .text.USB_FlushTxFifo
                0x08004d18       0x64 ./Drivers/STM32F4xx_HAL_Driver/Src/stm32f4xx_ll_usb.o
                0x08004d18                USB_FlushTxFifo
 .text.USB_FlushRxFifo
                0x08004d7c       0x5c ./Drivers/STM32F4xx_HAL_Driver/Src/stm32f4xx_ll_usb.o
                0x08004d7c                USB_FlushRxFifo
 .text.USB_SetDevSpeed
                0x08004dd8       0x32 ./Drivers/STM32F4xx_HAL_Driver/Src/stm32f4xx_ll_usb.o
                0x08004dd8                USB_SetDevSpeed
 .text.USB_GetDevSpeed
                0x08004e0a       0x4a ./Drivers/STM32F4xx_HAL_Driver/Src/stm32f4xx_ll_usb.o
                0x08004e0a                USB_GetDevSpeed
 .text.USB_ActivateEndpoint
                0x08004e54      0x10e ./Drivers/STM32F4xx_HAL_Driver/Src/stm32f4xx_ll_usb.o
                0x08004e54                USB_ActivateEndpoint
 *fill*         0x08004f62        0x2 
 .text.USB_DeactivateEndpoint
                0x08004f64      0x1b8 ./Drivers/STM32F4xx_HAL_Driver/Src/stm32f4xx_ll_usb.o
                0x08004f64                USB_DeactivateEndpoint
 .text.USB_EPStartXfer
                0x0800511c      0x53c ./Drivers/STM32F4xx_HAL_Driver/Src/stm32f4xx_ll_usb.o
                0x0800511c                USB_EPStartXfer
 .text.USB_EPStopXfer
                0x08005658      0x154 ./Drivers/STM32F4xx_HAL_Driver/Src/stm32f4xx_ll_usb.o
                0x08005658                USB_EPStopXfer
 .text.USB_WritePacket
                0x080057ac       0x7c ./Drivers/STM32F4xx_HAL_Driver/Src/stm32f4xx_ll_usb.o
                0x080057ac                USB_WritePacket
 .text.USB_ReadPacket
                0x08005828       0xb0 ./Drivers/STM32F4xx_HAL_Driver/Src/stm32f4xx_ll_usb.o
                0x08005828                USB_ReadPacket
 .text.USB_EPSetStall
                0x080058d8       0xdc ./Drivers/STM32F4xx_HAL_Driver/Src/stm32f4xx_ll_usb.o
                0x080058d8                USB_EPSetStall
 .text.USB_EPClearStall
                0x080059b4       0xcc ./Drivers/STM32F4xx_HAL_Driver/Src/stm32f4xx_ll_usb.o
                0x080059b4                USB_EPClearStall
 .text.USB_SetDevAddress
                0x08005a80       0x4c ./Drivers/STM32F4xx_HAL_Driver/Src/stm32f4xx_ll_usb.o
                0x08005a80                USB_SetDevAddress
 .text.USB_DevConnect
                0x08005acc       0x42 ./Drivers/STM32F4xx_HAL_Driver/Src/stm32f4xx_ll_usb.o
                0x08005acc                USB_DevConnect
 .text.USB_DevDisconnect
                0x08005b0e       0x42 ./Drivers/STM32F4xx_HAL_Driver/Src/stm32f4xx_ll_usb.o
                0x08005b0e                USB_DevDisconnect
 .text.USB_ReadInterrupts
                0x08005b50       0x26 ./Drivers/STM32F4xx_HAL_Driver/Src/stm32f4xx_ll_usb.o
                0x08005b50                USB_ReadInterrupts
 .text.USB_ReadDevAllOutEpInterrupt
                0x08005b76       0x34 ./Drivers/STM32F4xx_HAL_Driver/Src/stm32f4xx_ll_usb.o
                0x08005b76                USB_ReadDevAllOutEpInterrupt
 .text.USB_ReadDevAllInEpInterrupt
                0x08005baa       0x34 ./Drivers/STM32F4xx_HAL_Driver/Src/stm32f4xx_ll_usb.o
                0x08005baa                USB_ReadDevAllInEpInterrupt
 .text.USB_ReadDevOutEPInterrupt
                0x08005bde       0x3c ./Drivers/STM32F4xx_HAL_Driver/Src/stm32f4xx_ll_usb.o
                0x08005bde                USB_ReadDevOutEPInterrupt
 .text.USB_ReadDevInEPInterrupt
                0x08005c1a       0x5c ./Drivers/STM32F4xx_HAL_Driver/Src/stm32f4xx_ll_usb.o
                0x08005c1a                USB_ReadDevInEPInterrupt
 .text.USB_GetMode
                0x08005c76       0x1c ./Drivers/STM32F4xx_HAL_Driver/Src/stm32f4xx_ll_usb.o
                0x08005c76                USB_GetMode
 .text.USB_ActivateSetup
                0x08005c92       0x46 ./Drivers/STM32F4xx_HAL_Driver/Src/stm32f4xx_ll_usb.o
                0x08005c92                USB_ActivateSetup
 .text.USB_EP0_OutStart
                0x08005cd8       0xbc ./Drivers/STM32F4xx_HAL_Driver/Src/stm32f4xx_ll_usb.o
                0x08005cd8                USB_EP0_OutStart
 .text.USB_CoreReset
                0x08005d94       0x62 ./Drivers/STM32F4xx_HAL_Driver/Src/stm32f4xx_ll_usb.o
 *fill*         0x08005df6        0x2 
 .text.USBD_CDC_Init
                0x08005df8      0x1f0 ./Middlewares/ST/STM32_USB_Device_Library/Class/CDC/Src/usbd_cdc.o
 .text.USBD_CDC_DeInit
                0x08005fe8      0x104 ./Middlewares/ST/STM32_USB_Device_Library/Class/CDC/Src/usbd_cdc.o
 .text.USBD_CDC_Setup
                0x080060ec      0x1b8 ./Middlewares/ST/STM32_USB_Device_Library/Class/CDC/Src/usbd_cdc.o
 .text.USBD_CDC_DataIn
                0x080062a4       0xfe ./Middlewares/ST/STM32_USB_Device_Library/Class/CDC/Src/usbd_cdc.o
 .text.USBD_CDC_DataOut
                0x080063a2       0x70 ./Middlewares/ST/STM32_USB_Device_Library/Class/CDC/Src/usbd_cdc.o
 .text.USBD_CDC_EP0_RxReady
                0x08006412       0x74 ./Middlewares/ST/STM32_USB_Device_Library/Class/CDC/Src/usbd_cdc.o
 *fill*         0x08006486        0x2 
 .text.USBD_CDC_GetFSCfgDesc
                0x08006488       0x70 ./Middlewares/ST/STM32_USB_Device_Library/Class/CDC/Src/usbd_cdc.o
 .text.USBD_CDC_GetHSCfgDesc
                0x080064f8       0x70 ./Middlewares/ST/STM32_USB_Device_Library/Class/CDC/Src/usbd_cdc.o
 .text.USBD_CDC_GetOtherSpeedCfgDesc
                0x08006568       0x70 ./Middlewares/ST/STM32_USB_Device_Library/Class/CDC/Src/usbd_cdc.o
 .text.USBD_CDC_GetDeviceQualifierDescriptor
                0x080065d8       0x20 ./Middlewares/ST/STM32_USB_Device_Library/Class/CDC/Src/usbd_cdc.o
                0x080065d8                USBD_CDC_GetDeviceQualifierDescriptor
 .text.USBD_CDC_RegisterInterface
                0x080065f8       0x34 ./Middlewares/ST/STM32_USB_Device_Library/Class/CDC/Src/usbd_cdc.o
                0x080065f8                USBD_CDC_RegisterInterface
 .text.USBD_CDC_SetTxBuffer
                0x0800662c       0x44 ./Middlewares/ST/STM32_USB_Device_Library/Class/CDC/Src/usbd_cdc.o
                0x0800662c                USBD_CDC_SetTxBuffer
 .text.USBD_CDC_SetRxBuffer
                0x08006670       0x3a ./Middlewares/ST/STM32_USB_Device_Library/Class/CDC/Src/usbd_cdc.o
                0x08006670                USBD_CDC_SetRxBuffer
 *fill*         0x080066aa        0x2 
 .text.USBD_CDC_ReceivePacket
                0x080066ac       0x6c ./Middlewares/ST/STM32_USB_Device_Library/Class/CDC/Src/usbd_cdc.o
                0x080066ac                USBD_CDC_ReceivePacket
 .text.USBD_Init
                0x08006718       0x60 ./Middlewares/ST/STM32_USB_Device_Library/Core/Src/usbd_core.o
                0x08006718                USBD_Init
 .text.USBD_RegisterClass
                0x08006778       0x6c ./Middlewares/ST/STM32_USB_Device_Library/Core/Src/usbd_core.o
                0x08006778                USBD_RegisterClass
 .text.USBD_Start
                0x080067e4       0x18 ./Middlewares/ST/STM32_USB_Device_Library/Core/Src/usbd_core.o
                0x080067e4                USBD_Start
 .text.USBD_RunTestMode
                0x080067fc       0x16 ./Middlewares/ST/STM32_USB_Device_Library/Core/Src/usbd_core.o
                0x080067fc                USBD_RunTestMode
 .text.USBD_SetClassConfig
                0x08006812       0x38 ./Middlewares/ST/STM32_USB_Device_Library/Core/Src/usbd_core.o
                0x08006812                USBD_SetClassConfig
 .text.USBD_ClrClassConfig
                0x0800684a       0x34 ./Middlewares/ST/STM32_USB_Device_Library/Core/Src/usbd_core.o
                0x0800684a                USBD_ClrClassConfig
 .text.USBD_LL_SetupStage
                0x0800687e       0xaa ./Middlewares/ST/STM32_USB_Device_Library/Core/Src/usbd_core.o
                0x0800687e                USBD_LL_SetupStage
 .text.USBD_LL_DataOutStage
                0x08006928      0x166 ./Middlewares/ST/STM32_USB_Device_Library/Core/Src/usbd_core.o
                0x08006928                USBD_LL_DataOutStage
 .text.USBD_LL_DataInStage
                0x08006a8e      0x164 ./Middlewares/ST/STM32_USB_Device_Library/Core/Src/usbd_core.o
                0x08006a8e                USBD_LL_DataInStage
 .text.USBD_LL_Reset
                0x08006bf2       0xa4 ./Middlewares/ST/STM32_USB_Device_Library/Core/Src/usbd_core.o
                0x08006bf2                USBD_LL_Reset
 .text.USBD_LL_SetSpeed
                0x08006c96       0x20 ./Middlewares/ST/STM32_USB_Device_Library/Core/Src/usbd_core.o
                0x08006c96                USBD_LL_SetSpeed
 .text.USBD_LL_Suspend
                0x08006cb6       0x38 ./Middlewares/ST/STM32_USB_Device_Library/Core/Src/usbd_core.o
                0x08006cb6                USBD_LL_Suspend
 .text.USBD_LL_Resume
                0x08006cee       0x30 ./Middlewares/ST/STM32_USB_Device_Library/Core/Src/usbd_core.o
                0x08006cee                USBD_LL_Resume
 .text.USBD_LL_SOF
                0x08006d1e       0x40 ./Middlewares/ST/STM32_USB_Device_Library/Core/Src/usbd_core.o
                0x08006d1e                USBD_LL_SOF
 .text.USBD_LL_IsoINIncomplete
                0x08006d5e       0x64 ./Middlewares/ST/STM32_USB_Device_Library/Core/Src/usbd_core.o
                0x08006d5e                USBD_LL_IsoINIncomplete
 .text.USBD_LL_IsoOUTIncomplete
                0x08006dc2       0x64 ./Middlewares/ST/STM32_USB_Device_Library/Core/Src/usbd_core.o
                0x08006dc2                USBD_LL_IsoOUTIncomplete
 .text.USBD_LL_DevConnected
                0x08006e26       0x16 ./Middlewares/ST/STM32_USB_Device_Library/Core/Src/usbd_core.o
                0x08006e26                USBD_LL_DevConnected
 .text.USBD_LL_DevDisconnected
                0x08006e3c       0x46 ./Middlewares/ST/STM32_USB_Device_Library/Core/Src/usbd_core.o
                0x08006e3c                USBD_LL_DevDisconnected
 .text.USBD_CoreFindIF
                0x08006e82       0x1a ./Middlewares/ST/STM32_USB_Device_Library/Core/Src/usbd_core.o
                0x08006e82                USBD_CoreFindIF
 .text.USBD_CoreFindEP
                0x08006e9c       0x1a ./Middlewares/ST/STM32_USB_Device_Library/Core/Src/usbd_core.o
                0x08006e9c                USBD_CoreFindEP
 .text.USBD_GetEpDesc
                0x08006eb6       0x70 ./Middlewares/ST/STM32_USB_Device_Library/Core/Src/usbd_core.o
                0x08006eb6                USBD_GetEpDesc
 .text.USBD_GetNextDesc
                0x08006f26       0x38 ./Middlewares/ST/STM32_USB_Device_Library/Core/Src/usbd_core.o
                0x08006f26                USBD_GetNextDesc
 .text.SWAPBYTE
                0x08006f5e       0x3c ./Middlewares/ST/STM32_USB_Device_Library/Core/Src/usbd_ctlreq.o
 *fill*         0x08006f9a        0x2 
 .text.USBD_StdDevReq
                0x08006f9c       0xe4 ./Middlewares/ST/STM32_USB_Device_Library/Core/Src/usbd_ctlreq.o
                0x08006f9c                USBD_StdDevReq
 .text.USBD_StdItfReq
                0x08007080       0xd8 ./Middlewares/ST/STM32_USB_Device_Library/Core/Src/usbd_ctlreq.o
                0x08007080                USBD_StdItfReq
 .text.USBD_StdEPReq
                0x08007158      0x33a ./Middlewares/ST/STM32_USB_Device_Library/Core/Src/usbd_ctlreq.o
                0x08007158                USBD_StdEPReq
 *fill*         0x08007492        0x2 
 .text.USBD_GetDescriptor
                0x08007494      0x2d4 ./Middlewares/ST/STM32_USB_Device_Library/Core/Src/usbd_ctlreq.o
 .text.USBD_SetAddress
                0x08007768       0x88 ./Middlewares/ST/STM32_USB_Device_Library/Core/Src/usbd_ctlreq.o
 .text.USBD_SetConfig
                0x080077f0      0x154 ./Middlewares/ST/STM32_USB_Device_Library/Core/Src/usbd_ctlreq.o
 .text.USBD_GetConfig
                0x08007944       0x6c ./Middlewares/ST/STM32_USB_Device_Library/Core/Src/usbd_ctlreq.o
 .text.USBD_GetStatus
                0x080079b0       0x68 ./Middlewares/ST/STM32_USB_Device_Library/Core/Src/usbd_ctlreq.o
 .text.USBD_SetFeature
                0x08007a18       0x52 ./Middlewares/ST/STM32_USB_Device_Library/Core/Src/usbd_ctlreq.o
 .text.USBD_ClrFeature
                0x08007a6a       0x44 ./Middlewares/ST/STM32_USB_Device_Library/Core/Src/usbd_ctlreq.o
 .text.USBD_ParseSetupRequest
                0x08007aae       0x74 ./Middlewares/ST/STM32_USB_Device_Library/Core/Src/usbd_ctlreq.o
                0x08007aae                USBD_ParseSetupRequest
 .text.USBD_CtlError
                0x08007b22       0x22 ./Middlewares/ST/STM32_USB_Device_Library/Core/Src/usbd_ctlreq.o
                0x08007b22                USBD_CtlError
 .text.USBD_GetString
                0x08007b44       0xa4 ./Middlewares/ST/STM32_USB_Device_Library/Core/Src/usbd_ctlreq.o
                0x08007b44                USBD_GetString
 .text.USBD_GetLen
                0x08007be8       0x34 ./Middlewares/ST/STM32_USB_Device_Library/Core/Src/usbd_ctlreq.o
 .text.USBD_CtlSendData
                0x08007c1c       0x36 ./Middlewares/ST/STM32_USB_Device_Library/Core/Src/usbd_ioreq.o
                0x08007c1c                USBD_CtlSendData
 .text.USBD_CtlContinueSendData
                0x08007c52       0x22 ./Middlewares/ST/STM32_USB_Device_Library/Core/Src/usbd_ioreq.o
                0x08007c52                USBD_CtlContinueSendData
 .text.USBD_CtlPrepareRx
                0x08007c74       0x3a ./Middlewares/ST/STM32_USB_Device_Library/Core/Src/usbd_ioreq.o
                0x08007c74                USBD_CtlPrepareRx
 .text.USBD_CtlContinueRx
                0x08007cae       0x22 ./Middlewares/ST/STM32_USB_Device_Library/Core/Src/usbd_ioreq.o
                0x08007cae                USBD_CtlContinueRx
 .text.USBD_CtlSendStatus
                0x08007cd0       0x26 ./Middlewares/ST/STM32_USB_Device_Library/Core/Src/usbd_ioreq.o
                0x08007cd0                USBD_CtlSendStatus
 .text.USBD_CtlReceiveStatus
                0x08007cf6       0x26 ./Middlewares/ST/STM32_USB_Device_Library/Core/Src/usbd_ioreq.o
                0x08007cf6                USBD_CtlReceiveStatus
 .text.MX_USB_DEVICE_Init
                0x08007d1c       0x60 ./USB_DEVICE/App/usb_device.o
                0x08007d1c                MX_USB_DEVICE_Init
 .text.CDC_Init_FS
                0x08007d7c       0x28 ./USB_DEVICE/App/usbd_cdc_if.o
 .text.CDC_DeInit_FS
                0x08007da4       0x10 ./USB_DEVICE/App/usbd_cdc_if.o
 .text.CDC_Control_FS
                0x08007db4       0xbc ./USB_DEVICE/App/usbd_cdc_if.o
 .text.CDC_Receive_FS
                0x08007e70       0x28 ./USB_DEVICE/App/usbd_cdc_if.o
 .text.CDC_TransmitCplt_FS
                0x08007e98       0x22 ./USB_DEVICE/App/usbd_cdc_if.o
 *fill*         0x08007eba        0x2 
 .text.USBD_FS_DeviceDescriptor
                0x08007ebc       0x24 ./USB_DEVICE/App/usbd_desc.o
                0x08007ebc                USBD_FS_DeviceDescriptor
 .text.USBD_FS_LangIDStrDescriptor
                0x08007ee0       0x24 ./USB_DEVICE/App/usbd_desc.o
                0x08007ee0                USBD_FS_LangIDStrDescriptor
 .text.USBD_FS_ProductStrDescriptor
                0x08007f04       0x3c ./USB_DEVICE/App/usbd_desc.o
                0x08007f04                USBD_FS_ProductStrDescriptor
 .text.USBD_FS_ManufacturerStrDescriptor
                0x08007f40       0x28 ./USB_DEVICE/App/usbd_desc.o
                0x08007f40                USBD_FS_ManufacturerStrDescriptor
 .text.USBD_FS_SerialStrDescriptor
                0x08007f68       0x24 ./USB_DEVICE/App/usbd_desc.o
                0x08007f68                USBD_FS_SerialStrDescriptor
 .text.USBD_FS_ConfigStrDescriptor
                0x08007f8c       0x3c ./USB_DEVICE/App/usbd_desc.o
                0x08007f8c                USBD_FS_ConfigStrDescriptor
 .text.USBD_FS_InterfaceStrDescriptor
                0x08007fc8       0x3c ./USB_DEVICE/App/usbd_desc.o
                0x08007fc8                USBD_FS_InterfaceStrDescriptor
 .text.Get_SerialNum
                0x08008004       0x58 ./USB_DEVICE/App/usbd_desc.o
 .text.IntToUnicode
                0x0800805c       0x7e ./USB_DEVICE/App/usbd_desc.o
 *fill*         0x080080da        0x2 
 .text.HAL_PCD_MspInit
                0x080080dc       0xa8 ./USB_DEVICE/Target/usbd_conf.o
                0x080080dc                HAL_PCD_MspInit
 .text.HAL_PCD_SetupStageCallback
                0x08008184       0x24 ./USB_DEVICE/Target/usbd_conf.o
                0x08008184                HAL_PCD_SetupStageCallback
 .text.HAL_PCD_DataOutStageCallback
                0x080081a8       0x36 ./USB_DEVICE/Target/usbd_conf.o
                0x080081a8                HAL_PCD_DataOutStageCallback
 .text.HAL_PCD_DataInStageCallback
                0x080081de       0x34 ./USB_DEVICE/Target/usbd_conf.o
                0x080081de                HAL_PCD_DataInStageCallback
 .text.HAL_PCD_SOFCallback
                0x08008212       0x1c ./USB_DEVICE/Target/usbd_conf.o
                0x08008212                HAL_PCD_SOFCallback
 .text.HAL_PCD_ResetCallback
                0x0800822e       0x3c ./USB_DEVICE/Target/usbd_conf.o
                0x0800822e                HAL_PCD_ResetCallback
 *fill*         0x0800826a        0x2 
 .text.HAL_PCD_SuspendCallback
                0x0800826c       0x4c ./USB_DEVICE/Target/usbd_conf.o
                0x0800826c                HAL_PCD_SuspendCallback
 .text.HAL_PCD_ResumeCallback
                0x080082b8       0x1c ./USB_DEVICE/Target/usbd_conf.o
                0x080082b8                HAL_PCD_ResumeCallback
 .text.HAL_PCD_ISOOUTIncompleteCallback
                0x080082d4       0x24 ./USB_DEVICE/Target/usbd_conf.o
                0x080082d4                HAL_PCD_ISOOUTIncompleteCallback
 .text.HAL_PCD_ISOINIncompleteCallback
                0x080082f8       0x24 ./USB_DEVICE/Target/usbd_conf.o
                0x080082f8                HAL_PCD_ISOINIncompleteCallback
 .text.HAL_PCD_ConnectCallback
                0x0800831c       0x1c ./USB_DEVICE/Target/usbd_conf.o
                0x0800831c                HAL_PCD_ConnectCallback
 .text.HAL_PCD_DisconnectCallback
                0x08008338       0x1c ./USB_DEVICE/Target/usbd_conf.o
                0x08008338                HAL_PCD_DisconnectCallback
 .text.USBD_LL_Init
                0x08008354       0x98 ./USB_DEVICE/Target/usbd_conf.o
                0x08008354                USBD_LL_Init
 .text.USBD_LL_Start
                0x080083ec       0x36 ./USB_DEVICE/Target/usbd_conf.o
                0x080083ec                USBD_LL_Start
 .text.USBD_LL_OpenEP
                0x08008422       0x4c ./USB_DEVICE/Target/usbd_conf.o
                0x08008422                USBD_LL_OpenEP
 .text.USBD_LL_CloseEP
                0x0800846e       0x3e ./USB_DEVICE/Target/usbd_conf.o
                0x0800846e                USBD_LL_CloseEP
 .text.USBD_LL_StallEP
                0x080084ac       0x3e ./USB_DEVICE/Target/usbd_conf.o
                0x080084ac                USBD_LL_StallEP
 .text.USBD_LL_ClearStallEP
                0x080084ea       0x3e ./USB_DEVICE/Target/usbd_conf.o
                0x080084ea                USBD_LL_ClearStallEP
 .text.USBD_LL_IsStallEP
                0x08008528       0x58 ./USB_DEVICE/Target/usbd_conf.o
                0x08008528                USBD_LL_IsStallEP
 .text.USBD_LL_SetUSBAddress
                0x08008580       0x3e ./USB_DEVICE/Target/usbd_conf.o
                0x08008580                USBD_LL_SetUSBAddress
 .text.USBD_LL_Transmit
                0x080085be       0x42 ./USB_DEVICE/Target/usbd_conf.o
                0x080085be                USBD_LL_Transmit
 .text.USBD_LL_PrepareReceive
                0x08008600       0x42 ./USB_DEVICE/Target/usbd_conf.o
                0x08008600                USBD_LL_PrepareReceive
 .text.USBD_LL_GetRxDataSize
                0x08008642       0x26 ./USB_DEVICE/Target/usbd_conf.o
                0x08008642                USBD_LL_GetRxDataSize
 .text.USBD_static_malloc
                0x08008668       0x1c ./USB_DEVICE/Target/usbd_conf.o
                0x08008668                USBD_static_malloc
 .text.USBD_static_free
                0x08008684       0x14 ./USB_DEVICE/Target/usbd_conf.o
                0x08008684                USBD_static_free
 .text.USBD_Get_USB_Status
                0x08008698       0x58 ./USB_DEVICE/Target/usbd_conf.o
                0x08008698                USBD_Get_USB_Status
 .text.memset   0x080086f0       0x10 C:/ST/STM32CubeIDE_1.15.0/STM32CubeIDE/plugins/com.st.stm32cube.ide.mcu.externaltools.gnu-tools-for-stm32.12.3.rel1.win32_1.0.200.202406191623/tools/bin/../lib/gcc/arm-none-eabi/12.3.1/../../../../arm-none-eabi/lib/thumb/v7e-m+fp/hard\libc_nano.a(libc_a-memset.o)
                0x080086f0                memset
 .text.__libc_init_array
                0x08008700       0x48 C:/ST/STM32CubeIDE_1.15.0/STM32CubeIDE/plugins/com.st.stm32cube.ide.mcu.externaltools.gnu-tools-for-stm32.12.3.rel1.win32_1.0.200.202406191623/tools/bin/../lib/gcc/arm-none-eabi/12.3.1/../../../../arm-none-eabi/lib/thumb/v7e-m+fp/hard\libc_nano.a(libc_a-init.o)
                0x08008700                __libc_init_array
 .text.memcpy   0x08008748       0x1c C:/ST/STM32CubeIDE_1.15.0/STM32CubeIDE/plugins/com.st.stm32cube.ide.mcu.externaltools.gnu-tools-for-stm32.12.3.rel1.win32_1.0.200.202406191623/tools/bin/../lib/gcc/arm-none-eabi/12.3.1/../../../../arm-none-eabi/lib/thumb/v7e-m+fp/hard\libc_nano.a(libc_a-memcpy-stub.o)
                0x08008748                memcpy
 *(.glue_7)
 .glue_7        0x08008764        0x0 linker stubs
 *(.glue_7t)
 .glue_7t       0x08008764        0x0 linker stubs
 *(.eh_frame)
 .eh_frame      0x08008764        0x0 C:/ST/STM32CubeIDE_1.15.0/STM32CubeIDE/plugins/com.st.stm32cube.ide.mcu.externaltools.gnu-tools-for-stm32.12.3.rel1.win32_1.0.200.202406191623/tools/bin/../lib/gcc/arm-none-eabi/12.3.1/thumb/v7e-m+fp/hard/crtbegin.o
 *(.init)
 .init          0x08008764        0x4 C:/ST/STM32CubeIDE_1.15.0/STM32CubeIDE/plugins/com.st.stm32cube.ide.mcu.externaltools.gnu-tools-for-stm32.12.3.rel1.win32_1.0.200.202406191623/tools/bin/../lib/gcc/arm-none-eabi/12.3.1/thumb/v7e-m+fp/hard/crti.o
                0x08008764                _init
 .init          0x08008768        0x8 C:/ST/STM32CubeIDE_1.15.0/STM32CubeIDE/plugins/com.st.stm32cube.ide.mcu.externaltools.gnu-tools-for-stm32.12.3.rel1.win32_1.0.200.202406191623/tools/bin/../lib/gcc/arm-none-eabi/12.3.1/thumb/v7e-m+fp/hard/crtn.o
 *(.fini)
 .fini          0x08008770        0x4 C:/ST/STM32CubeIDE_1.15.0/STM32CubeIDE/plugins/com.st.stm32cube.ide.mcu.externaltools.gnu-tools-for-stm32.12.3.rel1.win32_1.0.200.202406191623/tools/bin/../lib/gcc/arm-none-eabi/12.3.1/thumb/v7e-m+fp/hard/crti.o
                0x08008770                _fini
 .fini          0x08008774        0x8 C:/ST/STM32CubeIDE_1.15.0/STM32CubeIDE/plugins/com.st.stm32cube.ide.mcu.externaltools.gnu-tools-for-stm32.12.3.rel1.win32_1.0.200.202406191623/tools/bin/../lib/gcc/arm-none-eabi/12.3.1/thumb/v7e-m+fp/hard/crtn.o
                0x0800877c                        . = ALIGN (0x4)
                0x0800877c                        _etext = .

.vfp11_veneer   0x0800877c        0x0
 .vfp11_veneer  0x0800877c        0x0 linker stubs

.v4_bx          0x0800877c        0x0
 .v4_bx         0x0800877c        0x0 linker stubs

.iplt           0x0800877c        0x0
 .iplt          0x0800877c        0x0 C:/ST/STM32CubeIDE_1.15.0/STM32CubeIDE/plugins/com.st.stm32cube.ide.mcu.externaltools.gnu-tools-for-stm32.12.3.rel1.win32_1.0.200.202406191623/tools/bin/../lib/gcc/arm-none-eabi/12.3.1/thumb/v7e-m+fp/hard/crtbegin.o

.rodata         0x0800877c       0x60
                0x0800877c                        . = ALIGN (0x4)
 *(.rodata)
 .rodata        0x0800877c       0x46 ./USB_DEVICE/App/usbd_desc.o
 *(.rodata*)
 *fill*         0x080087c2        0x2 
 .rodata.AHBPrescTable
                0x080087c4       0x10 ./Core/Src/system_stm32f4xx.o
                0x080087c4                AHBPrescTable
 .rodata.APBPrescTable
                0x080087d4        0x8 ./Core/Src/system_stm32f4xx.o
                0x080087d4                APBPrescTable
                0x080087dc                        . = ALIGN (0x4)

.ARM.extab      0x080087dc        0x0
                0x080087dc                        . = ALIGN (0x4)
 *(.ARM.extab* .gnu.linkonce.armextab.*)
                0x080087dc                        . = ALIGN (0x4)

.ARM            0x080087dc        0x8
                0x080087dc                        . = ALIGN (0x4)
                0x080087dc                        __exidx_start = .
 *(.ARM.exidx*)
 .ARM.exidx     0x080087dc        0x8 C:/ST/STM32CubeIDE_1.15.0/STM32CubeIDE/plugins/com.st.stm32cube.ide.mcu.externaltools.gnu-tools-for-stm32.12.3.rel1.win32_1.0.200.202406191623/tools/bin/../lib/gcc/arm-none-eabi/12.3.1/thumb/v7e-m+fp/hard\libgcc.a(_udivmoddi4.o)
                0x080087e4                        __exidx_end = .
                0x080087e4                        . = ALIGN (0x4)

.preinit_array  0x080087e4        0x0
                0x080087e4                        . = ALIGN (0x4)
                0x080087e4                        PROVIDE (__preinit_array_start = .)
 *(.preinit_array*)
                0x080087e4                        PROVIDE (__preinit_array_end = .)
                0x080087e4                        . = ALIGN (0x4)

.init_array     0x080087e4        0x4
                0x080087e4                        . = ALIGN (0x4)
                0x080087e4                        PROVIDE (__init_array_start = .)
 *(SORT_BY_NAME(.init_array.*))
 *(.init_array*)
 .init_array    0x080087e4        0x4 C:/ST/STM32CubeIDE_1.15.0/STM32CubeIDE/plugins/com.st.stm32cube.ide.mcu.externaltools.gnu-tools-for-stm32.12.3.rel1.win32_1.0.200.202406191623/tools/bin/../lib/gcc/arm-none-eabi/12.3.1/thumb/v7e-m+fp/hard/crtbegin.o
                0x080087e8                        PROVIDE (__init_array_end = .)
                0x080087e8                        . = ALIGN (0x4)

.fini_array     0x080087e8        0x4
                0x080087e8                        . = ALIGN (0x4)
                [!provide]                        PROVIDE (__fini_array_start = .)
 *(SORT_BY_NAME(.fini_array.*))
 *(.fini_array*)
 .fini_array    0x080087e8        0x4 C:/ST/STM32CubeIDE_1.15.0/STM32CubeIDE/plugins/com.st.stm32cube.ide.mcu.externaltools.gnu-tools-for-stm32.12.3.rel1.win32_1.0.200.202406191623/tools/bin/../lib/gcc/arm-none-eabi/12.3.1/thumb/v7e-m+fp/hard/crtbegin.o
                [!provide]                        PROVIDE (__fini_array_end = .)
                0x080087ec                        . = ALIGN (0x4)
                0x080087ec                        _sidata = LOADADDR (.data)

.rel.dyn        0x080087ec        0x0
 .rel.iplt      0x080087ec        0x0 C:/ST/STM32CubeIDE_1.15.0/STM32CubeIDE/plugins/com.st.stm32cube.ide.mcu.externaltools.gnu-tools-for-stm32.12.3.rel1.win32_1.0.200.202406191623/tools/bin/../lib/gcc/arm-none-eabi/12.3.1/thumb/v7e-m+fp/hard/crtbegin.o

.data           0x20000000       0xfc load address 0x080087ec
                0x20000000                        . = ALIGN (0x4)
                0x20000000                        _sdata = .
 *(.data)
 *(.data*)
 .data.SystemCoreClock
                0x20000000        0x4 ./Core/Src/system_stm32f4xx.o
                0x20000000                SystemCoreClock
 .data.uwTickPrio
                0x20000004        0x4 ./Drivers/STM32F4xx_HAL_Driver/Src/stm32f4xx_hal.o
                0x20000004                uwTickPrio
 .data.uwTickFreq
                0x20000008        0x1 ./Drivers/STM32F4xx_HAL_Driver/Src/stm32f4xx_hal.o
                0x20000008                uwTickFreq
 *fill*         0x20000009        0x3 
 .data.USBD_CDC_DeviceQualifierDesc
                0x2000000c        0xa ./Middlewares/ST/STM32_USB_Device_Library/Class/CDC/Src/usbd_cdc.o
 *fill*         0x20000016        0x2 
 .data.USBD_CDC
                0x20000018       0x38 ./Middlewares/ST/STM32_USB_Device_Library/Class/CDC/Src/usbd_cdc.o
                0x20000018                USBD_CDC
 .data.USBD_CDC_CfgDesc
                0x20000050       0x43 ./Middlewares/ST/STM32_USB_Device_Library/Class/CDC/Src/usbd_cdc.o
 .data.CDCInEpAdd
                0x20000093        0x1 ./Middlewares/ST/STM32_USB_Device_Library/Class/CDC/Src/usbd_cdc.o
 .data.CDCOutEpAdd
                0x20000094        0x1 ./Middlewares/ST/STM32_USB_Device_Library/Class/CDC/Src/usbd_cdc.o
 .data.CDCCmdEpAdd
                0x20000095        0x1 ./Middlewares/ST/STM32_USB_Device_Library/Class/CDC/Src/usbd_cdc.o
 *fill*         0x20000096        0x2 
 .data.USBD_Interface_fops_FS
                0x20000098       0x14 ./USB_DEVICE/App/usbd_cdc_if.o
                0x20000098                USBD_Interface_fops_FS
 .data.FS_Desc  0x200000ac       0x1c ./USB_DEVICE/App/usbd_desc.o
                0x200000ac                FS_Desc
 .data.USBD_FS_DeviceDesc
                0x200000c8       0x12 ./USB_DEVICE/App/usbd_desc.o
                0x200000c8                USBD_FS_DeviceDesc
 *fill*         0x200000da        0x2 
 .data.USBD_LangIDDesc
                0x200000dc        0x4 ./USB_DEVICE/App/usbd_desc.o
                0x200000dc                USBD_LangIDDesc
 .data.USBD_StringSerial
                0x200000e0       0x1a ./USB_DEVICE/App/usbd_desc.o
                0x200000e0                USBD_StringSerial
 *(.RamFunc)
 *(.RamFunc*)
                0x200000fc                        . = ALIGN (0x4)
 *fill*         0x200000fa        0x2 
                0x200000fc                        _edata = .

.igot.plt       0x200000fc        0x0 load address 0x080088e8
 .igot.plt      0x200000fc        0x0 C:/ST/STM32CubeIDE_1.15.0/STM32CubeIDE/plugins/com.st.stm32cube.ide.mcu.externaltools.gnu-tools-for-stm32.12.3.rel1.win32_1.0.200.202406191623/tools/bin/../lib/gcc/arm-none-eabi/12.3.1/thumb/v7e-m+fp/hard/crtbegin.o
                0x200000fc                        . = ALIGN (0x4)

.bss            0x200000fc     0x1d00 load address 0x080088e8
                0x200000fc                        _sbss = .
                0x200000fc                        __bss_start__ = _sbss
 *(.bss)
 .bss           0x200000fc       0x1c C:/ST/STM32CubeIDE_1.15.0/STM32CubeIDE/plugins/com.st.stm32cube.ide.mcu.externaltools.gnu-tools-for-stm32.12.3.rel1.win32_1.0.200.202406191623/tools/bin/../lib/gcc/arm-none-eabi/12.3.1/thumb/v7e-m+fp/hard/crtbegin.o
 *(.bss*)
 .bss.packet    0x20000118       0x10 ./Core/Src/AxelFlow.o
                0x20000118                packet
 .bss.data.0    0x20000128        0x2 ./Core/Src/AxelFlow.o
 *fill*         0x2000012a        0x2 
 .bss.huartx    0x2000012c       0x48 ./Core/Src/AxelFlow_Debug.o
                0x2000012c                huartx
 .bss.info_array
                0x20000174        0xf ./Core/Src/AxelFlow_Serial.o
                0x20000174                info_array
 *fill*         0x20000183        0x1 
 .bss.huart1    0x20000184       0x48 ./Core/Src/main.o
                0x20000184                huart1
 .bss.huart2    0x200001cc       0x48 ./Core/Src/main.o
                0x200001cc                huart2
 .bss.uwTick    0x20000214        0x4 ./Drivers/STM32F4xx_HAL_Driver/Src/stm32f4xx_hal.o
                0x20000214                uwTick
 .bss.cfgidx.0  0x20000218        0x1 ./Middlewares/ST/STM32_USB_Device_Library/Core/Src/usbd_ctlreq.o
 *fill*         0x20000219        0x3 
 .bss.hUsbDeviceFS
                0x2000021c      0x2dc ./USB_DEVICE/App/usb_device.o
                0x2000021c                hUsbDeviceFS
 .bss.UserRxBufferFS
                0x200004f8      0x800 ./USB_DEVICE/App/usbd_cdc_if.o
                0x200004f8                UserRxBufferFS
 .bss.UserTxBufferFS
                0x20000cf8      0x800 ./USB_DEVICE/App/usbd_cdc_if.o
                0x20000cf8                UserTxBufferFS
 .bss.USBD_StrDesc
                0x200014f8      0x200 ./USB_DEVICE/App/usbd_desc.o
                0x200014f8                USBD_StrDesc
 .bss.hpcd_USB_OTG_FS
                0x200016f8      0x4e4 ./USB_DEVICE/Target/usbd_conf.o
                0x200016f8                hpcd_USB_OTG_FS
 .bss.mem.0     0x20001bdc      0x220 ./USB_DEVICE/Target/usbd_conf.o
 *(COMMON)
                0x20001dfc                        . = ALIGN (0x4)
                0x20001dfc                        _ebss = .
                0x20001dfc                        __bss_end__ = _ebss

._user_heap_stack
                0x20001dfc      0x604 load address 0x080088e8
                0x20001e00                        . = ALIGN (0x8)
 *fill*         0x20001dfc        0x4 
                [!provide]                        PROVIDE (end = .)
                0x20001e00                        PROVIDE (_end = .)
                0x20002000                        . = (. + _Min_Heap_Size)
 *fill*         0x20001e00      0x200 
                0x20002400                        . = (. + _Min_Stack_Size)
 *fill*         0x20002000      0x400 
                0x20002400                        . = ALIGN (0x8)

/DISCARD/
 libc.a(*)
 libm.a(*)
 libgcc.a(*)

.ARM.attributes
                0x00000000       0x30
 *(.ARM.attributes)
 .ARM.attributes
                0x00000000       0x22 C:/ST/STM32CubeIDE_1.15.0/STM32CubeIDE/plugins/com.st.stm32cube.ide.mcu.externaltools.gnu-tools-for-stm32.12.3.rel1.win32_1.0.200.202406191623/tools/bin/../lib/gcc/arm-none-eabi/12.3.1/thumb/v7e-m+fp/hard/crti.o
 .ARM.attributes
                0x00000022       0x34 C:/ST/STM32CubeIDE_1.15.0/STM32CubeIDE/plugins/com.st.stm32cube.ide.mcu.externaltools.gnu-tools-for-stm32.12.3.rel1.win32_1.0.200.202406191623/tools/bin/../lib/gcc/arm-none-eabi/12.3.1/thumb/v7e-m+fp/hard/crtbegin.o
 .ARM.attributes
                0x00000056       0x34 ./Core/Src/AxelFlow.o
 .ARM.attributes
                0x0000008a       0x34 ./Core/Src/AxelFlow_Debug.o
 .ARM.attributes
                0x000000be       0x34 ./Core/Src/AxelFlow_Serial.o
 .ARM.attributes
                0x000000f2       0x34 ./Core/Src/main.o
 .ARM.attributes
                0x00000126       0x34 ./Core/Src/stm32f4xx_hal_msp.o
 .ARM.attributes
                0x0000015a       0x34 ./Core/Src/stm32f4xx_it.o
 .ARM.attributes
                0x0000018e       0x34 ./Core/Src/system_stm32f4xx.o
 .ARM.attributes
                0x000001c2       0x21 ./Core/Startup/startup_stm32f411ceux.o
 .ARM.attributes
                0x000001e3       0x34 ./Drivers/STM32F4xx_HAL_Driver/Src/stm32f4xx_hal.o
 .ARM.attributes
                0x00000217       0x34 ./Drivers/STM32F4xx_HAL_Driver/Src/stm32f4xx_hal_cortex.o
 .ARM.attributes
                0x0000024b       0x34 ./Drivers/STM32F4xx_HAL_Driver/Src/stm32f4xx_hal_dma.o
 .ARM.attributes
                0x0000027f       0x34 ./Drivers/STM32F4xx_HAL_Driver/Src/stm32f4xx_hal_gpio.o
 .ARM.attributes
                0x000002b3       0x34 ./Drivers/STM32F4xx_HAL_Driver/Src/stm32f4xx_hal_pcd.o
 .ARM.attributes
                0x000002e7       0x34 ./Drivers/STM32F4xx_HAL_Driver/Src/stm32f4xx_hal_pcd_ex.o
 .ARM.attributes
                0x0000031b       0x34 ./Drivers/STM32F4xx_HAL_Driver/Src/stm32f4xx_hal_rcc.o
 .ARM.attributes
                0x0000034f       0x34 ./Drivers/STM32F4xx_HAL_Driver/Src/stm32f4xx_hal_uart.o
 .ARM.attributes
                0x00000383       0x34 ./Drivers/STM32F4xx_HAL_Driver/Src/stm32f4xx_ll_usb.o
 .ARM.attributes
                0x000003b7       0x34 ./Middlewares/ST/STM32_USB_Device_Library/Class/CDC/Src/usbd_cdc.o
 .ARM.attributes
                0x000003eb       0x34 ./Middlewares/ST/STM32_USB_Device_Library/Core/Src/usbd_core.o
 .ARM.attributes
                0x0000041f       0x34 ./Middlewares/ST/STM32_USB_Device_Library/Core/Src/usbd_ctlreq.o
 .ARM.attributes
                0x00000453       0x34 ./Middlewares/ST/STM32_USB_Device_Library/Core/Src/usbd_ioreq.o
 .ARM.attributes
                0x00000487       0x34 ./USB_DEVICE/App/usb_device.o
 .ARM.attributes
                0x000004bb       0x34 ./USB_DEVICE/App/usbd_cdc_if.o
 .ARM.attributes
                0x000004ef       0x34 ./USB_DEVICE/App/usbd_desc.o
 .ARM.attributes
                0x00000523       0x34 ./USB_DEVICE/Target/usbd_conf.o
 .ARM.attributes
                0x00000557       0x34 C:/ST/STM32CubeIDE_1.15.0/STM32CubeIDE/plugins/com.st.stm32cube.ide.mcu.externaltools.gnu-tools-for-stm32.12.3.rel1.win32_1.0.200.202406191623/tools/bin/../lib/gcc/arm-none-eabi/12.3.1/../../../../arm-none-eabi/lib/thumb/v7e-m+fp/hard\libc_nano.a(libc_a-memset.o)
 .ARM.attributes
                0x0000058b       0x34 C:/ST/STM32CubeIDE_1.15.0/STM32CubeIDE/plugins/com.st.stm32cube.ide.mcu.externaltools.gnu-tools-for-stm32.12.3.rel1.win32_1.0.200.202406191623/tools/bin/../lib/gcc/arm-none-eabi/12.3.1/../../../../arm-none-eabi/lib/thumb/v7e-m+fp/hard\libc_nano.a(libc_a-init.o)
 .ARM.attributes
                0x000005bf       0x34 C:/ST/STM32CubeIDE_1.15.0/STM32CubeIDE/plugins/com.st.stm32cube.ide.mcu.externaltools.gnu-tools-for-stm32.12.3.rel1.win32_1.0.200.202406191623/tools/bin/../lib/gcc/arm-none-eabi/12.3.1/../../../../arm-none-eabi/lib/thumb/v7e-m+fp/hard\libc_nano.a(libc_a-memcpy-stub.o)
 .ARM.attributes
                0x000005f3       0x22 C:/ST/STM32CubeIDE_1.15.0/STM32CubeIDE/plugins/com.st.stm32cube.ide.mcu.externaltools.gnu-tools-for-stm32.12.3.rel1.win32_1.0.200.202406191623/tools/bin/../lib/gcc/arm-none-eabi/12.3.1/thumb/v7e-m+fp/hard\libgcc.a(_aeabi_uldivmod.o)
 .ARM.attributes
                0x00000615       0x34 C:/ST/STM32CubeIDE_1.15.0/STM32CubeIDE/plugins/com.st.stm32cube.ide.mcu.externaltools.gnu-tools-for-stm32.12.3.rel1.win32_1.0.200.202406191623/tools/bin/../lib/gcc/arm-none-eabi/12.3.1/thumb/v7e-m+fp/hard\libgcc.a(_udivmoddi4.o)
 .ARM.attributes
                0x00000649       0x22 C:/ST/STM32CubeIDE_1.15.0/STM32CubeIDE/plugins/com.st.stm32cube.ide.mcu.externaltools.gnu-tools-for-stm32.12.3.rel1.win32_1.0.200.202406191623/tools/bin/../lib/gcc/arm-none-eabi/12.3.1/thumb/v7e-m+fp/hard\libgcc.a(_dvmd_tls.o)
 .ARM.attributes
                0x0000066b       0x22 C:/ST/STM32CubeIDE_1.15.0/STM32CubeIDE/plugins/com.st.stm32cube.ide.mcu.externaltools.gnu-tools-for-stm32.12.3.rel1.win32_1.0.200.202406191623/tools/bin/../lib/gcc/arm-none-eabi/12.3.1/thumb/v7e-m+fp/hard/crtn.o
OUTPUT(Rcup_arm.elf elf32-littlearm)
LOAD linker stubs
LOAD C:/ST/STM32CubeIDE_1.15.0/STM32CubeIDE/plugins/com.st.stm32cube.ide.mcu.externaltools.gnu-tools-for-stm32.12.3.rel1.win32_1.0.200.202406191623/tools/bin/../lib/gcc/arm-none-eabi/12.3.1/../../../../arm-none-eabi/lib/thumb/v7e-m+fp/hard\libc.a
LOAD C:/ST/STM32CubeIDE_1.15.0/STM32CubeIDE/plugins/com.st.stm32cube.ide.mcu.externaltools.gnu-tools-for-stm32.12.3.rel1.win32_1.0.200.202406191623/tools/bin/../lib/gcc/arm-none-eabi/12.3.1/../../../../arm-none-eabi/lib/thumb/v7e-m+fp/hard\libm.a
LOAD C:/ST/STM32CubeIDE_1.15.0/STM32CubeIDE/plugins/com.st.stm32cube.ide.mcu.externaltools.gnu-tools-for-stm32.12.3.rel1.win32_1.0.200.202406191623/tools/bin/../lib/gcc/arm-none-eabi/12.3.1/thumb/v7e-m+fp/hard\libgcc.a

.debug_info     0x00000000    0x14a00
 .debug_info    0x00000000     0x1aff ./Core/Src/AxelFlow.o
 .debug_info    0x00001aff      0x6c0 ./Core/Src/AxelFlow_Debug.o
 .debug_info    0x000021bf      0x97f ./Core/Src/AxelFlow_Serial.o
 .debug_info    0x00002b3e      0xc3b ./Core/Src/main.o
 .debug_info    0x00003779      0xb31 ./Core/Src/stm32f4xx_hal_msp.o
 .debug_info    0x000042aa      0xadc ./Core/Src/stm32f4xx_it.o
 .debug_info    0x00004d86      0x53e ./Core/Src/system_stm32f4xx.o
 .debug_info    0x000052c4       0x30 ./Core/Startup/startup_stm32f411ceux.o
 .debug_info    0x000052f4      0x8c4 ./Drivers/STM32F4xx_HAL_Driver/Src/stm32f4xx_hal.o
 .debug_info    0x00005bb8      0xcfc ./Drivers/STM32F4xx_HAL_Driver/Src/stm32f4xx_hal_cortex.o
 .debug_info    0x000068b4      0x8e6 ./Drivers/STM32F4xx_HAL_Driver/Src/stm32f4xx_hal_dma.o
 .debug_info    0x0000719a      0x6f9 ./Drivers/STM32F4xx_HAL_Driver/Src/stm32f4xx_hal_gpio.o
 .debug_info    0x00007893     0x1577 ./Drivers/STM32F4xx_HAL_Driver/Src/stm32f4xx_hal_pcd.o
 .debug_info    0x00008e0a      0x6ea ./Drivers/STM32F4xx_HAL_Driver/Src/stm32f4xx_hal_pcd_ex.o
 .debug_info    0x000094f4      0x8f0 ./Drivers/STM32F4xx_HAL_Driver/Src/stm32f4xx_hal_rcc.o
 .debug_info    0x00009de4     0x2f56 ./Drivers/STM32F4xx_HAL_Driver/Src/stm32f4xx_hal_uart.o
 .debug_info    0x0000cd3a     0x1993 ./Drivers/STM32F4xx_HAL_Driver/Src/stm32f4xx_ll_usb.o
 .debug_info    0x0000e6cd     0x12a3 ./Middlewares/ST/STM32_USB_Device_Library/Class/CDC/Src/usbd_cdc.o
 .debug_info    0x0000f970      0xe05 ./Middlewares/ST/STM32_USB_Device_Library/Core/Src/usbd_core.o
 .debug_info    0x00010775      0xade ./Middlewares/ST/STM32_USB_Device_Library/Core/Src/usbd_ctlreq.o
 .debug_info    0x00011253      0x755 ./Middlewares/ST/STM32_USB_Device_Library/Core/Src/usbd_ioreq.o
 .debug_info    0x000119a8      0x701 ./USB_DEVICE/App/usb_device.o
 .debug_info    0x000120a9      0x8fa ./USB_DEVICE/App/usbd_cdc_if.o
 .debug_info    0x000129a3      0x458 ./USB_DEVICE/App/usbd_desc.o
 .debug_info    0x00012dfb     0x1c05 ./USB_DEVICE/Target/usbd_conf.o

.debug_abbrev   0x00000000     0x3782
 .debug_abbrev  0x00000000      0x2dc ./Core/Src/AxelFlow.o
 .debug_abbrev  0x000002dc      0x1e8 ./Core/Src/AxelFlow_Debug.o
 .debug_abbrev  0x000004c4      0x23b ./Core/Src/AxelFlow_Serial.o
 .debug_abbrev  0x000006ff      0x287 ./Core/Src/main.o
 .debug_abbrev  0x00000986      0x1cb ./Core/Src/stm32f4xx_hal_msp.o
 .debug_abbrev  0x00000b51      0x1da ./Core/Src/stm32f4xx_it.o
 .debug_abbrev  0x00000d2b      0x11a ./Core/Src/system_stm32f4xx.o
 .debug_abbrev  0x00000e45       0x24 ./Core/Startup/startup_stm32f411ceux.o
 .debug_abbrev  0x00000e69      0x24b ./Drivers/STM32F4xx_HAL_Driver/Src/stm32f4xx_hal.o
 .debug_abbrev  0x000010b4      0x31d ./Drivers/STM32F4xx_HAL_Driver/Src/stm32f4xx_hal_cortex.o
 .debug_abbrev  0x000013d1      0x221 ./Drivers/STM32F4xx_HAL_Driver/Src/stm32f4xx_hal_dma.o
 .debug_abbrev  0x000015f2      0x1d3 ./Drivers/STM32F4xx_HAL_Driver/Src/stm32f4xx_hal_gpio.o
 .debug_abbrev  0x000017c5      0x2b6 ./Drivers/STM32F4xx_HAL_Driver/Src/stm32f4xx_hal_pcd.o
 .debug_abbrev  0x00001a7b      0x1da ./Drivers/STM32F4xx_HAL_Driver/Src/stm32f4xx_hal_pcd_ex.o
 .debug_abbrev  0x00001c55      0x2b6 ./Drivers/STM32F4xx_HAL_Driver/Src/stm32f4xx_hal_rcc.o
 .debug_abbrev  0x00001f0b      0x31b ./Drivers/STM32F4xx_HAL_Driver/Src/stm32f4xx_hal_uart.o
 .debug_abbrev  0x00002226      0x2b3 ./Drivers/STM32F4xx_HAL_Driver/Src/stm32f4xx_ll_usb.o
 .debug_abbrev  0x000024d9      0x2d2 ./Middlewares/ST/STM32_USB_Device_Library/Class/CDC/Src/usbd_cdc.o
 .debug_abbrev  0x000027ab      0x27c ./Middlewares/ST/STM32_USB_Device_Library/Core/Src/usbd_core.o
 .debug_abbrev  0x00002a27      0x26f ./Middlewares/ST/STM32_USB_Device_Library/Core/Src/usbd_ctlreq.o
 .debug_abbrev  0x00002c96      0x19a ./Middlewares/ST/STM32_USB_Device_Library/Core/Src/usbd_ioreq.o
 .debug_abbrev  0x00002e30      0x195 ./USB_DEVICE/App/usb_device.o
 .debug_abbrev  0x00002fc5      0x29d ./USB_DEVICE/App/usbd_cdc_if.o
 .debug_abbrev  0x00003262      0x1e1 ./USB_DEVICE/App/usbd_desc.o
 .debug_abbrev  0x00003443      0x33f ./USB_DEVICE/Target/usbd_conf.o

.debug_aranges  0x00000000     0x1078
 .debug_aranges
                0x00000000      0x1f8 ./Core/Src/AxelFlow.o
 .debug_aranges
                0x000001f8       0x30 ./Core/Src/AxelFlow_Debug.o
 .debug_aranges
                0x00000228       0x40 ./Core/Src/AxelFlow_Serial.o
 .debug_aranges
                0x00000268       0x48 ./Core/Src/main.o
 .debug_aranges
                0x000002b0       0x30 ./Core/Src/stm32f4xx_hal_msp.o
 .debug_aranges
                0x000002e0       0x70 ./Core/Src/stm32f4xx_it.o
 .debug_aranges
                0x00000350       0x28 ./Core/Src/system_stm32f4xx.o
 .debug_aranges
                0x00000378       0x28 ./Core/Startup/startup_stm32f411ceux.o
 .debug_aranges
                0x000003a0       0xf0 ./Drivers/STM32F4xx_HAL_Driver/Src/stm32f4xx_hal.o
 .debug_aranges
                0x00000490      0x130 ./Drivers/STM32F4xx_HAL_Driver/Src/stm32f4xx_hal_cortex.o
 .debug_aranges
                0x000005c0       0x90 ./Drivers/STM32F4xx_HAL_Driver/Src/stm32f4xx_hal_dma.o
 .debug_aranges
                0x00000650       0x58 ./Drivers/STM32F4xx_HAL_Driver/Src/stm32f4xx_hal_gpio.o
 .debug_aranges
                0x000006a8      0x148 ./Drivers/STM32F4xx_HAL_Driver/Src/stm32f4xx_hal_pcd.o
 .debug_aranges
                0x000007f0       0x38 ./Drivers/STM32F4xx_HAL_Driver/Src/stm32f4xx_hal_pcd_ex.o
 .debug_aranges
                0x00000828       0x88 ./Drivers/STM32F4xx_HAL_Driver/Src/stm32f4xx_hal_rcc.o
 .debug_aranges
                0x000008b0      0x208 ./Drivers/STM32F4xx_HAL_Driver/Src/stm32f4xx_hal_uart.o
 .debug_aranges
                0x00000ab8      0x1a0 ./Drivers/STM32F4xx_HAL_Driver/Src/stm32f4xx_ll_usb.o
 .debug_aranges
                0x00000c58       0x90 ./Middlewares/ST/STM32_USB_Device_Library/Class/CDC/Src/usbd_cdc.o
 .debug_aranges
                0x00000ce8       0xd8 ./Middlewares/ST/STM32_USB_Device_Library/Core/Src/usbd_core.o
 .debug_aranges
                0x00000dc0       0x90 ./Middlewares/ST/STM32_USB_Device_Library/Core/Src/usbd_ctlreq.o
 .debug_aranges
                0x00000e50       0x50 ./Middlewares/ST/STM32_USB_Device_Library/Core/Src/usbd_ioreq.o
 .debug_aranges
                0x00000ea0       0x20 ./USB_DEVICE/App/usb_device.o
 .debug_aranges
                0x00000ec0       0x48 ./USB_DEVICE/App/usbd_cdc_if.o
 .debug_aranges
                0x00000f08       0x60 ./USB_DEVICE/App/usbd_desc.o
 .debug_aranges
                0x00000f68      0x110 ./USB_DEVICE/Target/usbd_conf.o

.debug_rnglists
                0x00000000      0xc7c
 .debug_rnglists
                0x00000000      0x190 ./Core/Src/AxelFlow.o
 .debug_rnglists
                0x00000190       0x1f ./Core/Src/AxelFlow_Debug.o
 .debug_rnglists
                0x000001af       0x2e ./Core/Src/AxelFlow_Serial.o
 .debug_rnglists
                0x000001dd       0x33 ./Core/Src/main.o
 .debug_rnglists
                0x00000210       0x20 ./Core/Src/stm32f4xx_hal_msp.o
 .debug_rnglists
                0x00000230       0x4f ./Core/Src/stm32f4xx_it.o
 .debug_rnglists
                0x0000027f       0x1a ./Core/Src/system_stm32f4xx.o
 .debug_rnglists
                0x00000299       0x19 ./Core/Startup/startup_stm32f411ceux.o
 .debug_rnglists
                0x000002b2       0xaf ./Drivers/STM32F4xx_HAL_Driver/Src/stm32f4xx_hal.o
 .debug_rnglists
                0x00000361       0xe0 ./Drivers/STM32F4xx_HAL_Driver/Src/stm32f4xx_hal_cortex.o
 .debug_rnglists
                0x00000441       0x70 ./Drivers/STM32F4xx_HAL_Driver/Src/stm32f4xx_hal_dma.o
 .debug_rnglists
                0x000004b1       0x3f ./Drivers/STM32F4xx_HAL_Driver/Src/stm32f4xx_hal_gpio.o
 .debug_rnglists
                0x000004f0       0xfa ./Drivers/STM32F4xx_HAL_Driver/Src/stm32f4xx_hal_pcd.o
 .debug_rnglists
                0x000005ea       0x26 ./Drivers/STM32F4xx_HAL_Driver/Src/stm32f4xx_hal_pcd_ex.o
 .debug_rnglists
                0x00000610       0x66 ./Drivers/STM32F4xx_HAL_Driver/Src/stm32f4xx_hal_rcc.o
 .debug_rnglists
                0x00000676      0x1bc ./Drivers/STM32F4xx_HAL_Driver/Src/stm32f4xx_hal_uart.o
 .debug_rnglists
                0x00000832      0x147 ./Drivers/STM32F4xx_HAL_Driver/Src/stm32f4xx_ll_usb.o
 .debug_rnglists
                0x00000979       0x6c ./Middlewares/ST/STM32_USB_Device_Library/Class/CDC/Src/usbd_cdc.o
 .debug_rnglists
                0x000009e5       0xa1 ./Middlewares/ST/STM32_USB_Device_Library/Core/Src/usbd_core.o
 .debug_rnglists
                0x00000a86       0x6e ./Middlewares/ST/STM32_USB_Device_Library/Core/Src/usbd_ctlreq.o
 .debug_rnglists
                0x00000af4       0x37 ./Middlewares/ST/STM32_USB_Device_Library/Core/Src/usbd_ioreq.o
 .debug_rnglists
                0x00000b2b       0x13 ./USB_DEVICE/App/usb_device.o
 .debug_rnglists
                0x00000b3e       0x32 ./USB_DEVICE/App/usbd_cdc_if.o
 .debug_rnglists
                0x00000b70       0x43 ./USB_DEVICE/App/usbd_desc.o
 .debug_rnglists
                0x00000bb3       0xc9 ./USB_DEVICE/Target/usbd_conf.o

.debug_macro    0x00000000    0x18f3b
 .debug_macro   0x00000000      0x345 ./Core/Src/AxelFlow.o
 .debug_macro   0x00000345      0xab4 ./Core/Src/AxelFlow.o
 .debug_macro   0x00000df9       0x22 ./Core/Src/AxelFlow.o
 .debug_macro   0x00000e1b       0x22 ./Core/Src/AxelFlow.o
 .debug_macro   0x00000e3d       0x8e ./Core/Src/AxelFlow.o
 .debug_macro   0x00000ecb       0x51 ./Core/Src/AxelFlow.o
 .debug_macro   0x00000f1c      0x103 ./Core/Src/AxelFlow.o
 .debug_macro   0x0000101f       0x6a ./Core/Src/AxelFlow.o
 .debug_macro   0x00001089      0x1df ./Core/Src/AxelFlow.o
 .debug_macro   0x00001268       0x61 ./Core/Src/AxelFlow.o
 .debug_macro   0x000012c9       0x2a ./Core/Src/AxelFlow.o
 .debug_macro   0x000012f3       0x43 ./Core/Src/AxelFlow.o
 .debug_macro   0x00001336       0x34 ./Core/Src/AxelFlow.o
 .debug_macro   0x0000136a      0x189 ./Core/Src/AxelFlow.o
 .debug_macro   0x000014f3       0x16 ./Core/Src/AxelFlow.o
 .debug_macro   0x00001509       0x43 ./Core/Src/AxelFlow.o
 .debug_macro   0x0000154c       0x34 ./Core/Src/AxelFlow.o
 .debug_macro   0x00001580       0x10 ./Core/Src/AxelFlow.o
 .debug_macro   0x00001590       0x58 ./Core/Src/AxelFlow.o
 .debug_macro   0x000015e8       0x8e ./Core/Src/AxelFlow.o
 .debug_macro   0x00001676       0x1c ./Core/Src/AxelFlow.o
 .debug_macro   0x00001692      0x177 ./Core/Src/AxelFlow.o
 .debug_macro   0x00001809      0x369 ./Core/Src/AxelFlow.o
 .debug_macro   0x00001b72       0x10 ./Core/Src/AxelFlow.o
 .debug_macro   0x00001b82       0x35 ./Core/Src/AxelFlow.o
 .debug_macro   0x00001bb7       0x20 ./Core/Src/AxelFlow.o
 .debug_macro   0x00001bd7       0x1c ./Core/Src/AxelFlow.o
 .debug_macro   0x00001bf3       0x10 ./Core/Src/AxelFlow.o
 .debug_macro   0x00001c03       0x1c ./Core/Src/AxelFlow.o
 .debug_macro   0x00001c1f       0x16 ./Core/Src/AxelFlow.o
 .debug_macro   0x00001c35      0x146 ./Core/Src/AxelFlow.o
 .debug_macro   0x00001d7b       0x16 ./Core/Src/AxelFlow.o
 .debug_macro   0x00001d91       0x16 ./Core/Src/AxelFlow.o
 .debug_macro   0x00001da7       0x29 ./Core/Src/AxelFlow.o
 .debug_macro   0x00001dd0      0x29b ./Core/Src/AxelFlow.o
 .debug_macro   0x0000206b       0x2e ./Core/Src/AxelFlow.o
 .debug_macro   0x00002099       0x28 ./Core/Src/AxelFlow.o
 .debug_macro   0x000020c1       0x1c ./Core/Src/AxelFlow.o
 .debug_macro   0x000020dd       0x22 ./Core/Src/AxelFlow.o
 .debug_macro   0x000020ff       0xfb ./Core/Src/AxelFlow.o
 .debug_macro   0x000021fa     0x1011 ./Core/Src/AxelFlow.o
 .debug_macro   0x0000320b      0x11f ./Core/Src/AxelFlow.o
 .debug_macro   0x0000332a     0xb953 ./Core/Src/AxelFlow.o
 .debug_macro   0x0000ec7d       0x6d ./Core/Src/AxelFlow.o
 .debug_macro   0x0000ecea     0x369a ./Core/Src/AxelFlow.o
 .debug_macro   0x00012384       0x56 ./Core/Src/AxelFlow.o
 .debug_macro   0x000123da      0x45c ./Core/Src/AxelFlow.o
 .debug_macro   0x00012836      0x9e9 ./Core/Src/AxelFlow.o
 .debug_macro   0x0001321f      0x115 ./Core/Src/AxelFlow.o
 .debug_macro   0x00013334      0x11b ./Core/Src/AxelFlow.o
 .debug_macro   0x0001344f       0xa5 ./Core/Src/AxelFlow.o
 .debug_macro   0x000134f4      0x15f ./Core/Src/AxelFlow.o
 .debug_macro   0x00013653      0x287 ./Core/Src/AxelFlow.o
 .debug_macro   0x000138da       0x5f ./Core/Src/AxelFlow.o
 .debug_macro   0x00013939      0x236 ./Core/Src/AxelFlow.o
 .debug_macro   0x00013b6f      0x132 ./Core/Src/AxelFlow.o
 .debug_macro   0x00013ca1      0x264 ./Core/Src/AxelFlow.o
 .debug_macro   0x00013f05       0x2e ./Core/Src/AxelFlow.o
 .debug_macro   0x00013f33      0x127 ./Core/Src/AxelFlow.o
 .debug_macro   0x0001405a       0x85 ./Core/Src/AxelFlow.o
 .debug_macro   0x000140df       0x89 ./Core/Src/AxelFlow.o
 .debug_macro   0x00014168      0x2aa ./Core/Src/AxelFlow.o
 .debug_macro   0x00014412      0x293 ./Core/Src/AxelFlow.o
 .debug_macro   0x000146a5       0xba ./Core/Src/AxelFlow.o
 .debug_macro   0x0001475f      0x126 ./Core/Src/AxelFlow.o
 .debug_macro   0x00014885       0x22 ./Core/Src/AxelFlow.o
 .debug_macro   0x000148a7      0x266 ./Core/Src/AxelFlow.o
 .debug_macro   0x00014b0d      0x2b6 ./Core/Src/AxelFlow_Debug.o
 .debug_macro   0x00014dc3       0x5c ./Core/Src/AxelFlow_Debug.o
 .debug_macro   0x00014e1f      0x2c5 ./Core/Src/AxelFlow_Serial.o
 .debug_macro   0x000150e4       0x1c ./Core/Src/AxelFlow_Serial.o
 .debug_macro   0x00015100      0x3c9 ./Core/Src/main.o
 .debug_macro   0x000154c9       0x16 ./Core/Src/main.o
 .debug_macro   0x000154df       0x16 ./Core/Src/main.o
 .debug_macro   0x000154f5       0x16 ./Core/Src/main.o
 .debug_macro   0x0001550b       0x65 ./Core/Src/main.o
 .debug_macro   0x00015570      0x20f ./Core/Src/main.o
 .debug_macro   0x0001577f       0x95 ./Core/Src/main.o
 .debug_macro   0x00015814       0x10 ./Core/Src/main.o
 .debug_macro   0x00015824      0x1e8 ./Core/Src/stm32f4xx_hal_msp.o
 .debug_macro   0x00015a0c      0x1f2 ./Core/Src/stm32f4xx_it.o
 .debug_macro   0x00015bfe      0x1de ./Core/Src/system_stm32f4xx.o
 .debug_macro   0x00015ddc      0x23e ./Drivers/STM32F4xx_HAL_Driver/Src/stm32f4xx_hal.o
 .debug_macro   0x0001601a      0x1de ./Drivers/STM32F4xx_HAL_Driver/Src/stm32f4xx_hal_cortex.o
 .debug_macro   0x000161f8      0x1e4 ./Drivers/STM32F4xx_HAL_Driver/Src/stm32f4xx_hal_dma.o
 .debug_macro   0x000163dc      0x1e4 ./Drivers/STM32F4xx_HAL_Driver/Src/stm32f4xx_hal_gpio.o
 .debug_macro   0x000165c0      0x1ea ./Drivers/STM32F4xx_HAL_Driver/Src/stm32f4xx_hal_pcd.o
 .debug_macro   0x000167aa      0x1de ./Drivers/STM32F4xx_HAL_Driver/Src/stm32f4xx_hal_pcd_ex.o
 .debug_macro   0x00016988      0x202 ./Drivers/STM32F4xx_HAL_Driver/Src/stm32f4xx_hal_rcc.o
 .debug_macro   0x00016b8a      0x1df ./Drivers/STM32F4xx_HAL_Driver/Src/stm32f4xx_hal_uart.o
 .debug_macro   0x00016d69      0x1de ./Drivers/STM32F4xx_HAL_Driver/Src/stm32f4xx_ll_usb.o
 .debug_macro   0x00016f47      0x377 ./Middlewares/ST/STM32_USB_Device_Library/Class/CDC/Src/usbd_cdc.o
 .debug_macro   0x000172be       0x9e ./Middlewares/ST/STM32_USB_Device_Library/Class/CDC/Src/usbd_cdc.o
 .debug_macro   0x0001735c      0x10b ./Middlewares/ST/STM32_USB_Device_Library/Class/CDC/Src/usbd_cdc.o
 .debug_macro   0x00017467      0x35e ./Middlewares/ST/STM32_USB_Device_Library/Core/Src/usbd_core.o
 .debug_macro   0x000177c5      0x215 ./Middlewares/ST/STM32_USB_Device_Library/Core/Src/usbd_core.o
 .debug_macro   0x000179da      0x368 ./Middlewares/ST/STM32_USB_Device_Library/Core/Src/usbd_ctlreq.o
 .debug_macro   0x00017d42      0x364 ./Middlewares/ST/STM32_USB_Device_Library/Core/Src/usbd_ioreq.o
 .debug_macro   0x000180a6      0x39d ./USB_DEVICE/App/usb_device.o
 .debug_macro   0x00018443       0x22 ./USB_DEVICE/App/usb_device.o
 .debug_macro   0x00018465       0x16 ./USB_DEVICE/App/usb_device.o
 .debug_macro   0x0001847b      0x382 ./USB_DEVICE/App/usbd_cdc_if.o
 .debug_macro   0x000187fd      0x3a1 ./USB_DEVICE/App/usbd_desc.o
 .debug_macro   0x00018b9e       0x1c ./USB_DEVICE/App/usbd_desc.o
 .debug_macro   0x00018bba      0x381 ./USB_DEVICE/Target/usbd_conf.o

.debug_line     0x00000000    0x15d28
 .debug_line    0x00000000     0x1743 ./Core/Src/AxelFlow.o
 .debug_line    0x00001743      0x910 ./Core/Src/AxelFlow_Debug.o
 .debug_line    0x00002053      0xb33 ./Core/Src/AxelFlow_Serial.o
 .debug_line    0x00002b86      0xb9a ./Core/Src/main.o
 .debug_line    0x00003720      0x7e7 ./Core/Src/stm32f4xx_hal_msp.o
 .debug_line    0x00003f07      0x857 ./Core/Src/stm32f4xx_it.o
 .debug_line    0x0000475e      0x7e9 ./Core/Src/system_stm32f4xx.o
 .debug_line    0x00004f47       0x7a ./Core/Startup/startup_stm32f411ceux.o
 .debug_line    0x00004fc1      0xa52 ./Drivers/STM32F4xx_HAL_Driver/Src/stm32f4xx_hal.o
 .debug_line    0x00005a13      0xd44 ./Drivers/STM32F4xx_HAL_Driver/Src/stm32f4xx_hal_cortex.o
 .debug_line    0x00006757      0xfc2 ./Drivers/STM32F4xx_HAL_Driver/Src/stm32f4xx_hal_dma.o
 .debug_line    0x00007719      0xba2 ./Drivers/STM32F4xx_HAL_Driver/Src/stm32f4xx_hal_gpio.o
 .debug_line    0x000082bb     0x153b ./Drivers/STM32F4xx_HAL_Driver/Src/stm32f4xx_hal_pcd.o
 .debug_line    0x000097f6      0x82f ./Drivers/STM32F4xx_HAL_Driver/Src/stm32f4xx_hal_pcd_ex.o
 .debug_line    0x0000a025      0xddb ./Drivers/STM32F4xx_HAL_Driver/Src/stm32f4xx_hal_rcc.o
 .debug_line    0x0000ae00     0x2924 ./Drivers/STM32F4xx_HAL_Driver/Src/stm32f4xx_hal_uart.o
 .debug_line    0x0000d724     0x1dd1 ./Drivers/STM32F4xx_HAL_Driver/Src/stm32f4xx_ll_usb.o
 .debug_line    0x0000f4f5      0xeea ./Middlewares/ST/STM32_USB_Device_Library/Class/CDC/Src/usbd_cdc.o
 .debug_line    0x000103df      0xf64 ./Middlewares/ST/STM32_USB_Device_Library/Core/Src/usbd_core.o
 .debug_line    0x00011343     0x1174 ./Middlewares/ST/STM32_USB_Device_Library/Core/Src/usbd_ctlreq.o
 .debug_line    0x000124b7      0xa7e ./Middlewares/ST/STM32_USB_Device_Library/Core/Src/usbd_ioreq.o
 .debug_line    0x00012f35      0xa3a ./USB_DEVICE/App/usb_device.o
 .debug_line    0x0001396f      0xa9d ./USB_DEVICE/App/usbd_cdc_if.o
 .debug_line    0x0001440c      0xb03 ./USB_DEVICE/App/usbd_desc.o
 .debug_line    0x00014f0f      0xe19 ./USB_DEVICE/Target/usbd_conf.o

.debug_str      0x00000000    0x8aac0
 .debug_str     0x00000000    0x85b01 ./Core/Src/AxelFlow.o
                              0x85e87 (size before relaxing)
 .debug_str     0x00085b01       0x49 ./Core/Src/AxelFlow_Debug.o
                              0x84835 (size before relaxing)
 .debug_str     0x00085b4a       0xb5 ./Core/Src/AxelFlow_Serial.o
                              0x8498f (size before relaxing)
 .debug_str     0x00085bff     0x10ae ./Core/Src/main.o
                              0x86974 (size before relaxing)
 .debug_str     0x00086cad      0x4a2 ./Core/Src/stm32f4xx_hal_msp.o
                              0x81bd5 (size before relaxing)
 .debug_str     0x0008714f      0x486 ./Core/Src/stm32f4xx_it.o
                              0x81aac (size before relaxing)
 .debug_str     0x000875d5       0xdb ./Core/Src/system_stm32f4xx.o
                              0x8138a (size before relaxing)
 .debug_str     0x000876b0       0x44 ./Core/Startup/startup_stm32f411ceux.o
                                 0x85 (size before relaxing)
 .debug_str     0x000876f4      0x60d ./Drivers/STM32F4xx_HAL_Driver/Src/stm32f4xx_hal.o
                              0x81db6 (size before relaxing)
 .debug_str     0x00087d01      0x36b ./Drivers/STM32F4xx_HAL_Driver/Src/stm32f4xx_hal_cortex.o
                              0x81b20 (size before relaxing)
 .debug_str     0x0008806c      0x322 ./Drivers/STM32F4xx_HAL_Driver/Src/stm32f4xx_hal_dma.o
                              0x81792 (size before relaxing)
 .debug_str     0x0008838e      0x158 ./Drivers/STM32F4xx_HAL_Driver/Src/stm32f4xx_hal_gpio.o
                              0x81505 (size before relaxing)
 .debug_str     0x000884e6      0x831 ./Drivers/STM32F4xx_HAL_Driver/Src/stm32f4xx_hal_pcd.o
                              0x81e56 (size before relaxing)
 .debug_str     0x00088d17      0x115 ./Drivers/STM32F4xx_HAL_Driver/Src/stm32f4xx_hal_pcd_ex.o
                              0x81746 (size before relaxing)
 .debug_str     0x00088e2c      0x21f ./Drivers/STM32F4xx_HAL_Driver/Src/stm32f4xx_hal_rcc.o
                              0x817be (size before relaxing)
 .debug_str     0x0008904b      0x5cd ./Drivers/STM32F4xx_HAL_Driver/Src/stm32f4xx_hal_uart.o
                              0x81d8d (size before relaxing)
 .debug_str     0x00089618      0x4b0 ./Drivers/STM32F4xx_HAL_Driver/Src/stm32f4xx_ll_usb.o
                              0x81d31 (size before relaxing)
 .debug_str     0x00089ac8      0x6e1 ./Middlewares/ST/STM32_USB_Device_Library/Class/CDC/Src/usbd_cdc.o
                              0x86349 (size before relaxing)
 .debug_str     0x0008a1a9      0x35c ./Middlewares/ST/STM32_USB_Device_Library/Core/Src/usbd_core.o
                              0x85ca2 (size before relaxing)
 .debug_str     0x0008a505      0x139 ./Middlewares/ST/STM32_USB_Device_Library/Core/Src/usbd_ctlreq.o
                              0x85acd (size before relaxing)
 .debug_str     0x0008a63e       0x51 ./Middlewares/ST/STM32_USB_Device_Library/Core/Src/usbd_ioreq.o
                              0x859a2 (size before relaxing)
 .debug_str     0x0008a68f       0xc6 ./USB_DEVICE/App/usb_device.o
                              0x85d55 (size before relaxing)
 .debug_str     0x0008a755       0x8a ./USB_DEVICE/App/usbd_cdc_if.o
                              0x85d95 (size before relaxing)
 .debug_str     0x0008a7df      0x26e ./USB_DEVICE/App/usbd_desc.o
                              0x858a2 (size before relaxing)
 .debug_str     0x0008aa4d       0x73 ./USB_DEVICE/Target/usbd_conf.o
                              0x86a51 (size before relaxing)

.comment        0x00000000       0x43
 .comment       0x00000000       0x43 ./Core/Src/AxelFlow.o
                                 0x44 (size before relaxing)
 .comment       0x00000043       0x44 ./Core/Src/AxelFlow_Debug.o
 .comment       0x00000043       0x44 ./Core/Src/AxelFlow_Serial.o
 .comment       0x00000043       0x44 ./Core/Src/main.o
 .comment       0x00000043       0x44 ./Core/Src/stm32f4xx_hal_msp.o
 .comment       0x00000043       0x44 ./Core/Src/stm32f4xx_it.o
 .comment       0x00000043       0x44 ./Core/Src/system_stm32f4xx.o
 .comment       0x00000043       0x44 ./Drivers/STM32F4xx_HAL_Driver/Src/stm32f4xx_hal.o
 .comment       0x00000043       0x44 ./Drivers/STM32F4xx_HAL_Driver/Src/stm32f4xx_hal_cortex.o
 .comment       0x00000043       0x44 ./Drivers/STM32F4xx_HAL_Driver/Src/stm32f4xx_hal_dma.o
 .comment       0x00000043       0x44 ./Drivers/STM32F4xx_HAL_Driver/Src/stm32f4xx_hal_gpio.o
 .comment       0x00000043       0x44 ./Drivers/STM32F4xx_HAL_Driver/Src/stm32f4xx_hal_pcd.o
 .comment       0x00000043       0x44 ./Drivers/STM32F4xx_HAL_Driver/Src/stm32f4xx_hal_pcd_ex.o
 .comment       0x00000043       0x44 ./Drivers/STM32F4xx_HAL_Driver/Src/stm32f4xx_hal_rcc.o
 .comment       0x00000043       0x44 ./Drivers/STM32F4xx_HAL_Driver/Src/stm32f4xx_hal_uart.o
 .comment       0x00000043       0x44 ./Drivers/STM32F4xx_HAL_Driver/Src/stm32f4xx_ll_usb.o
 .comment       0x00000043       0x44 ./Middlewares/ST/STM32_USB_Device_Library/Class/CDC/Src/usbd_cdc.o
 .comment       0x00000043       0x44 ./Middlewares/ST/STM32_USB_Device_Library/Core/Src/usbd_core.o
 .comment       0x00000043       0x44 ./Middlewares/ST/STM32_USB_Device_Library/Core/Src/usbd_ctlreq.o
 .comment       0x00000043       0x44 ./Middlewares/ST/STM32_USB_Device_Library/Core/Src/usbd_ioreq.o
 .comment       0x00000043       0x44 ./USB_DEVICE/App/usb_device.o
 .comment       0x00000043       0x44 ./USB_DEVICE/App/usbd_cdc_if.o
 .comment       0x00000043       0x44 ./USB_DEVICE/App/usbd_desc.o
 .comment       0x00000043       0x44 ./USB_DEVICE/Target/usbd_conf.o

.debug_frame    0x00000000     0x47c4
 .debug_frame   0x00000000      0xd0c ./Core/Src/AxelFlow.o
 .debug_frame   0x00000d0c       0x7c ./Core/Src/AxelFlow_Debug.o
 .debug_frame   0x00000d88       0xfc ./Core/Src/AxelFlow_Serial.o
 .debug_frame   0x00000e84       0xd0 ./Core/Src/main.o
 .debug_frame   0x00000f54       0x80 ./Core/Src/stm32f4xx_hal_msp.o
 .debug_frame   0x00000fd4      0x13c ./Core/Src/stm32f4xx_it.o
 .debug_frame   0x00001110       0x58 ./Core/Src/system_stm32f4xx.o
 .debug_frame   0x00001168      0x374 ./Drivers/STM32F4xx_HAL_Driver/Src/stm32f4xx_hal.o
 .debug_frame   0x000014dc      0x508 ./Drivers/STM32F4xx_HAL_Driver/Src/stm32f4xx_hal_cortex.o
 .debug_frame   0x000019e4      0x250 ./Drivers/STM32F4xx_HAL_Driver/Src/stm32f4xx_hal_dma.o
 .debug_frame   0x00001c34      0x14c ./Drivers/STM32F4xx_HAL_Driver/Src/stm32f4xx_hal_gpio.o
 .debug_frame   0x00001d80      0x5b8 ./Drivers/STM32F4xx_HAL_Driver/Src/stm32f4xx_hal_pcd.o
 .debug_frame   0x00002338       0xb0 ./Drivers/STM32F4xx_HAL_Driver/Src/stm32f4xx_hal_pcd_ex.o
 .debug_frame   0x000023e8      0x1f4 ./Drivers/STM32F4xx_HAL_Driver/Src/stm32f4xx_hal_rcc.o
 .debug_frame   0x000025dc      0x954 ./Drivers/STM32F4xx_HAL_Driver/Src/stm32f4xx_hal_uart.o
 .debug_frame   0x00002f30      0x7c0 ./Drivers/STM32F4xx_HAL_Driver/Src/stm32f4xx_ll_usb.o
 .debug_frame   0x000036f0      0x23c ./Middlewares/ST/STM32_USB_Device_Library/Class/CDC/Src/usbd_cdc.o
 .debug_frame   0x0000392c      0x390 ./Middlewares/ST/STM32_USB_Device_Library/Core/Src/usbd_core.o
 .debug_frame   0x00003cbc      0x23c ./Middlewares/ST/STM32_USB_Device_Library/Core/Src/usbd_ctlreq.o
 .debug_frame   0x00003ef8      0x10c ./Middlewares/ST/STM32_USB_Device_Library/Core/Src/usbd_ioreq.o
 .debug_frame   0x00004004       0x2c ./USB_DEVICE/App/usb_device.o
 .debug_frame   0x00004030       0xe4 ./USB_DEVICE/App/usbd_cdc_if.o
 .debug_frame   0x00004114      0x160 ./USB_DEVICE/App/usbd_desc.o
 .debug_frame   0x00004274      0x47c ./USB_DEVICE/Target/usbd_conf.o
 .debug_frame   0x000046f0       0x20 C:/ST/STM32CubeIDE_1.15.0/STM32CubeIDE/plugins/com.st.stm32cube.ide.mcu.externaltools.gnu-tools-for-stm32.12.3.rel1.win32_1.0.200.202406191623/tools/bin/../lib/gcc/arm-none-eabi/12.3.1/../../../../arm-none-eabi/lib/thumb/v7e-m+fp/hard\libc_nano.a(libc_a-memset.o)
 .debug_frame   0x00004710       0x2c C:/ST/STM32CubeIDE_1.15.0/STM32CubeIDE/plugins/com.st.stm32cube.ide.mcu.externaltools.gnu-tools-for-stm32.12.3.rel1.win32_1.0.200.202406191623/tools/bin/../lib/gcc/arm-none-eabi/12.3.1/../../../../arm-none-eabi/lib/thumb/v7e-m+fp/hard\libc_nano.a(libc_a-init.o)
 .debug_frame   0x0000473c       0x28 C:/ST/STM32CubeIDE_1.15.0/STM32CubeIDE/plugins/com.st.stm32cube.ide.mcu.externaltools.gnu-tools-for-stm32.12.3.rel1.win32_1.0.200.202406191623/tools/bin/../lib/gcc/arm-none-eabi/12.3.1/../../../../arm-none-eabi/lib/thumb/v7e-m+fp/hard\libc_nano.a(libc_a-memcpy-stub.o)
 .debug_frame   0x00004764       0x2c C:/ST/STM32CubeIDE_1.15.0/STM32CubeIDE/plugins/com.st.stm32cube.ide.mcu.externaltools.gnu-tools-for-stm32.12.3.rel1.win32_1.0.200.202406191623/tools/bin/../lib/gcc/arm-none-eabi/12.3.1/thumb/v7e-m+fp/hard\libgcc.a(_aeabi_uldivmod.o)
 .debug_frame   0x00004790       0x34 C:/ST/STM32CubeIDE_1.15.0/STM32CubeIDE/plugins/com.st.stm32cube.ide.mcu.externaltools.gnu-tools-for-stm32.12.3.rel1.win32_1.0.200.202406191623/tools/bin/../lib/gcc/arm-none-eabi/12.3.1/thumb/v7e-m+fp/hard\libgcc.a(_udivmoddi4.o)

.debug_line_str
                0x00000000       0x69
 .debug_line_str
                0x00000000       0x69 ./Core/Startup/startup_stm32f411ceux.o