../Core/Src/AxelFlow.c:18:7:AxelFlow_servo_init	104	static
../Core/Src/AxelFlow.c:28:6:checkChecksum	48	static
../Core/Src/AxelFlow.c:44:10:degreesToData	24	static
../Core/Src/AxelFlow.c:58:7:dataToDegrees	16	static
../Core/Src/AxelFlow.c:63:10:getCCWLimit	56	static
../Core/Src/AxelFlow.c:76:15:setCCWLimit	48	static
../Core/Src/AxelFlow.c:86:10:getCWLimit	56	static
../Core/Src/AxelFlow.c:99:15:setCWLimit	48	static
../Core/Src/AxelFlow.c:111:15:setPosition	48	static
../Core/Src/AxelFlow.c:123:15:grip	160	static
../Core/Src/AxelFlow.c:143:15:confirm_set	168	static
../Core/Src/AxelFlow.c:166:1:move_arm	224	static
../Core/Src/AxelFlow.c:193:15:setMaxTorque	48	static
../Core/Src/AxelFlow.c:203:7:getMaxTorque	56	static
../Core/Src/AxelFlow.c:218:15:setRunningTorque	48	static
../Core/Src/AxelFlow.c:229:15:Sync_write	88	dynamic
../Core/Src/AxelFlow.c:259:15:setSpeed	48	static
../Core/Src/AxelFlow.c:281:15:setSpeedinRPM	48	static
../Core/Src/AxelFlow.c:301:15:controlLED	48	static
../Core/Src/AxelFlow.c:309:9:getLEDStatus	56	static
../Core/Src/AxelFlow.c:323:15:getPosition	48	static
../Core/Src/AxelFlow.c:332:7:getPositionAngle	104	static
../Core/Src/AxelFlow.c:337:15:getSpeed	48	static
../Core/Src/AxelFlow.c:347:7:getSpeedRPM	104	static
../Core/Src/AxelFlow.c:353:15:reboot	40	static
../Core/Src/AxelFlow.c:363:6:ping	48	static
../Core/Src/AxelFlow.c:377:15:changeServoID	48	static
../Core/Src/AxelFlow.c:386:9:readID	56	static
../Core/Src/AxelFlow.c:400:10:getBaudRate	16	static
../Core/Src/AxelFlow.c:423:15:changeBaudRate	48	static
../Core/Src/AxelFlow.c:432:10:readBaudRate	56	static
../Core/Src/AxelFlow.c:464:15:forceSetPosition	128	static
../Core/Src/AxelFlow.c:477:9:getFirmwareVersion	56	static
../Core/Src/AxelFlow.c:490:9:scanID	88	static
../Core/Src/AxelFlow.c:500:10:scanBaudRate	192	static
../Core/Src/AxelFlow.c:519:10:getResponseDelayTime	56	static
../Core/Src/AxelFlow.c:532:15:setResponseDelayTime	48	static
../Core/Src/AxelFlow.c:541:9:getTemperatureLimit	56	static
../Core/Src/AxelFlow.c:554:15:setMinVoltageLimit	56	static
../Core/Src/AxelFlow.c:565:9:getMinVoltageLimit	56	static
../Core/Src/AxelFlow.c:578:15:setMaxVoltageLimit	56	static
../Core/Src/AxelFlow.c:589:9:getMaxVoltageLimit	56	static
../Core/Src/AxelFlow.c:603:15:setTemperatureLimit	56	static
../Core/Src/AxelFlow.c:612:9:getStatusReturnLevel	56	static
../Core/Src/AxelFlow.c:626:15:setStatusReturnLevel	48	static
../Core/Src/AxelFlow.c:635:9:getAlarmLEDStatus	56	static
../Core/Src/AxelFlow.c:649:15:setAlarmLEDStatus	48	static
../Core/Src/AxelFlow.c:658:9:getShutdownStatus	56	static
../Core/Src/AxelFlow.c:671:15:setShutdownStatus	48	static
../Core/Src/AxelFlow.c:680:9:getTorqueEnableStatus	56	static
../Core/Src/AxelFlow.c:693:15:setTorqueEnableStatus	48	static
../Core/Src/AxelFlow.c:702:6:setWheelMode	104	static
../Core/Src/AxelFlow.c:710:7:getPresentLoad	56	static
../Core/Src/AxelFlow.c:729:7:getPresentTemperature	56	static
../Core/Src/AxelFlow.c:745:7:getPresentVoltage	56	static
../Core/Src/AxelFlow.c:761:9:getRegistered	56	static
../Core/Src/AxelFlow.c:776:9:getMoving	56	static
../Core/Src/AxelFlow.c:790:9:getLockStatus	56	static
../Core/Src/AxelFlow.c:804:15:setPunch	48	static
../Core/Src/AxelFlow.c:817:7:getPunch	56	static
../Core/Src/AxelFlow.c:836:6:print_status	288	static
