../Core/Src/AxelFlow.c:13:7:AxelFlow_servo_init	104	static
../Core/Src/AxelFlow.c:23:6:checkChecksum	48	static
../Core/Src/AxelFlow.c:39:10:degreesToData	24	static
../Core/Src/AxelFlow.c:53:7:dataToDegrees	16	static
../Core/Src/AxelFlow.c:58:10:getCCWLimit	56	static
../Core/Src/AxelFlow.c:71:15:setCCWLimit	48	static
../Core/Src/AxelFlow.c:81:10:getCWLimit	56	static
../Core/Src/AxelFlow.c:94:15:setCWLimit	48	static
../Core/Src/AxelFlow.c:104:15:setPosition	48	static
../Core/Src/AxelFlow.c:116:15:grip	168	static
../Core/Src/AxelFlow.c:136:15:confirm_set	168	static
../Core/Src/AxelFlow.c:151:1:move_arm	216	static
../Core/Src/AxelFlow.c:176:15:setMaxTorque	48	static
../Core/Src/AxelFlow.c:186:7:getMaxTorque	56	static
../Core/Src/AxelFlow.c:201:15:setRunningTorque	48	static
../Core/Src/AxelFlow.c:212:15:setSpeed	48	static
../Core/Src/AxelFlow.c:234:15:setSpeedinRPM	48	static
../Core/Src/AxelFlow.c:254:15:controlLED	48	static
../Core/Src/AxelFlow.c:262:9:getLEDStatus	56	static
../Core/Src/AxelFlow.c:276:15:getPosition	48	static
../Core/Src/AxelFlow.c:285:7:getPositionAngle	104	static
../Core/Src/AxelFlow.c:290:15:getSpeed	48	static
../Core/Src/AxelFlow.c:300:7:getSpeedRPM	104	static
../Core/Src/AxelFlow.c:306:15:reboot	40	static
../Core/Src/AxelFlow.c:316:6:ping	48	static
../Core/Src/AxelFlow.c:330:15:changeServoID	48	static
../Core/Src/AxelFlow.c:339:9:readID	56	static
../Core/Src/AxelFlow.c:353:10:getBaudRate	16	static
../Core/Src/AxelFlow.c:376:15:changeBaudRate	48	static
../Core/Src/AxelFlow.c:385:10:readBaudRate	56	static
../Core/Src/AxelFlow.c:417:15:forceSetPosition	128	static
../Core/Src/AxelFlow.c:430:9:getFirmwareVersion	56	static
../Core/Src/AxelFlow.c:443:9:scanID	88	static
../Core/Src/AxelFlow.c:453:10:scanBaudRate	192	static
../Core/Src/AxelFlow.c:472:10:getResponseDelayTime	56	static
../Core/Src/AxelFlow.c:485:15:setResponseDelayTime	48	static
../Core/Src/AxelFlow.c:494:9:getTemperatureLimit	56	static
../Core/Src/AxelFlow.c:507:15:setMinVoltageLimit	56	static
../Core/Src/AxelFlow.c:518:9:getMinVoltageLimit	56	static
../Core/Src/AxelFlow.c:531:15:setMaxVoltageLimit	56	static
../Core/Src/AxelFlow.c:542:9:getMaxVoltageLimit	56	static
../Core/Src/AxelFlow.c:556:15:setTemperatureLimit	56	static
../Core/Src/AxelFlow.c:565:9:getStatusReturnLevel	56	static
../Core/Src/AxelFlow.c:579:15:setStatusReturnLevel	48	static
../Core/Src/AxelFlow.c:588:9:getAlarmLEDStatus	56	static
../Core/Src/AxelFlow.c:602:15:setAlarmLEDStatus	48	static
../Core/Src/AxelFlow.c:611:9:getShutdownStatus	56	static
../Core/Src/AxelFlow.c:624:15:setShutdownStatus	48	static
../Core/Src/AxelFlow.c:633:9:getTorqueEnableStatus	56	static
../Core/Src/AxelFlow.c:646:15:setTorqueEnableStatus	48	static
../Core/Src/AxelFlow.c:655:6:setWheelMode	104	static
../Core/Src/AxelFlow.c:663:7:getPresentLoad	56	static
../Core/Src/AxelFlow.c:682:7:getPresentTemperature	56	static
../Core/Src/AxelFlow.c:698:7:getPresentVoltage	56	static
../Core/Src/AxelFlow.c:714:9:getRegistered	56	static
../Core/Src/AxelFlow.c:729:9:getMoving	56	static
../Core/Src/AxelFlow.c:743:9:getLockStatus	56	static
../Core/Src/AxelFlow.c:757:15:setPunch	48	static
../Core/Src/AxelFlow.c:770:7:getPunch	56	static
../Core/Src/AxelFlow.c:789:6:print_status	288	static
