../Core/Src/cJSON.c:94:28:cJSON_GetErrorPtr	4	static
../Core/Src/cJSON.c:99:22:cJSON_GetStringValue	16	static
../Core/Src/cJSON.c:109:22:cJSON_GetNumberValue	16	static
../Core/Src/cJSON.c:124:27:cJSON_Version	16	static
../Core/Src/cJSON.c:133:12:case_insensitive_strcmp	24	static
../Core/Src/cJSON.c:188:23:cJSON_strdup	24	static
../Core/Src/cJSON.c:209:20:cJSON_InitHooks	16	static
../Core/Src/cJSON.c:241:15:cJSON_New_Item	24	static
../Core/Src/cJSON.c:253:20:cJSON_Delete	24	static
../Core/Src/cJSON.c:279:22:get_decimal_point	4	static
../Core/Src/cJSON.c:307:19:parse_number	104	static
../Core/Src/cJSON.c:384:22:cJSON_SetNumberHelper	24	static
../Core/Src/cJSON.c:403:21:cJSON_SetValuestring	32	static
../Core/Src/cJSON.c:458:23:ensure	24	static
../Core/Src/cJSON.c:544:13:update_offset	32	static
../Core/Src/cJSON.c:557:19:compare_double	56	static
../Core/Src/cJSON.c:564:19:print_number	96	static
../Core/Src/cJSON.c:634:17:parse_hex4	24	static
../Core/Src/cJSON.c:671:22:utf16_literal_to_utf8	48	static
../Core/Src/cJSON.c:792:19:parse_string	48	static
../Core/Src/cJSON.c:922:19:print_string_ptr	40	static
../Core/Src/cJSON.c:1044:19:print_string	16	static
../Core/Src/cJSON.c:1058:22:buffer_skip_whitespace	16	static
../Core/Src/cJSON.c:1084:22:skip_utf8_bom	16	static
../Core/Src/cJSON.c:1099:23:cJSON_ParseWithOpts	32	static
../Core/Src/cJSON.c:1115:23:cJSON_ParseWithLengthOpts	64	static
../Core/Src/cJSON.c:1195:23:cJSON_Parse	16	static
../Core/Src/cJSON.c:1200:23:cJSON_ParseWithLength	16	static
../Core/Src/cJSON.c:1207:23:print	64	static
../Core/Src/cJSON.c:1275:22:cJSON_Print	16	static
../Core/Src/cJSON.c:1280:22:cJSON_PrintUnformatted	16	static
../Core/Src/cJSON.c:1285:22:cJSON_PrintBuffered	64	static
../Core/Src/cJSON.c:1316:26:cJSON_PrintPreallocated	64	static
../Core/Src/cJSON.c:1336:19:parse_value	16	static
../Core/Src/cJSON.c:1391:19:print_value	24	static
../Core/Src/cJSON.c:1465:19:parse_array	32	static
../Core/Src/cJSON.c:1563:19:print_array	32	static
../Core/Src/cJSON.c:1625:19:parse_object	32	static
../Core/Src/cJSON.c:1743:19:print_object	40	static
../Core/Src/cJSON.c:1857:19:cJSON_GetArraySize	24	static
../Core/Src/cJSON.c:1880:15:get_array_item	24	static
../Core/Src/cJSON.c:1899:23:cJSON_GetArrayItem	16	static
../Core/Src/cJSON.c:1909:15:get_object_item	32	static
../Core/Src/cJSON.c:1941:23:cJSON_GetObjectItem	16	static
../Core/Src/cJSON.c:1946:23:cJSON_GetObjectItemCaseSensitive	16	static
../Core/Src/cJSON.c:1951:26:cJSON_HasObjectItem	16	static
../Core/Src/cJSON.c:1957:13:suffix_object	16	static
../Core/Src/cJSON.c:1964:15:create_reference	24	static
../Core/Src/cJSON.c:1985:19:add_item_to_array	24	static
../Core/Src/cJSON.c:2019:26:cJSON_AddItemToArray	16	static
../Core/Src/cJSON.c:2031:14:cast_away_const	16	static
../Core/Src/cJSON.c:2040:19:add_item_to_object	32	static
../Core/Src/cJSON.c:2077:26:cJSON_AddItemToObject	32	static
../Core/Src/cJSON.c:2083:26:cJSON_AddItemToObjectCS	32	static
../Core/Src/cJSON.c:2088:26:cJSON_AddItemReferenceToArray	16	static
../Core/Src/cJSON.c:2098:26:cJSON_AddItemReferenceToObject	32	static
../Core/Src/cJSON.c:2108:22:cJSON_AddNullToObject	32	static
../Core/Src/cJSON.c:2120:22:cJSON_AddTrueToObject	32	static
../Core/Src/cJSON.c:2132:22:cJSON_AddFalseToObject	32	static
../Core/Src/cJSON.c:2144:22:cJSON_AddBoolToObject	40	static
../Core/Src/cJSON.c:2156:22:cJSON_AddNumberToObject	40	static
../Core/Src/cJSON.c:2168:22:cJSON_AddStringToObject	40	static
../Core/Src/cJSON.c:2180:22:cJSON_AddRawToObject	40	static
../Core/Src/cJSON.c:2192:22:cJSON_AddObjectToObject	32	static
../Core/Src/cJSON.c:2204:22:cJSON_AddArrayToObject	32	static
../Core/Src/cJSON.c:2216:23:cJSON_DetachItemViaPointer	16	static
../Core/Src/cJSON.c:2252:23:cJSON_DetachItemFromArray	16	static
../Core/Src/cJSON.c:2262:20:cJSON_DeleteItemFromArray	16	static
../Core/Src/cJSON.c:2267:23:cJSON_DetachItemFromObject	24	static
../Core/Src/cJSON.c:2274:23:cJSON_DetachItemFromObjectCaseSensitive	24	static
../Core/Src/cJSON.c:2281:20:cJSON_DeleteItemFromObject	16	static
../Core/Src/cJSON.c:2286:20:cJSON_DeleteItemFromObjectCaseSensitive	16	static
../Core/Src/cJSON.c:2292:26:cJSON_InsertItemInArray	32	static
../Core/Src/cJSON.c:2326:26:cJSON_ReplaceItemViaPointer	24	static
../Core/Src/cJSON.c:2375:26:cJSON_ReplaceItemInArray	24	static
../Core/Src/cJSON.c:2385:19:replace_item_in_object	24	static
../Core/Src/cJSON.c:2408:26:cJSON_ReplaceItemInObject	24	static
../Core/Src/cJSON.c:2413:26:cJSON_ReplaceItemInObjectCaseSensitive	24	static
../Core/Src/cJSON.c:2419:23:cJSON_CreateNull	16	static
../Core/Src/cJSON.c:2430:23:cJSON_CreateTrue	16	static
../Core/Src/cJSON.c:2441:23:cJSON_CreateFalse	16	static
../Core/Src/cJSON.c:2452:23:cJSON_CreateBool	24	static
../Core/Src/cJSON.c:2463:23:cJSON_CreateNumber	24	static
../Core/Src/cJSON.c:2489:23:cJSON_CreateString	24	static
../Core/Src/cJSON.c:2506:23:cJSON_CreateStringReference	24	static
../Core/Src/cJSON.c:2518:23:cJSON_CreateObjectReference	24	static
../Core/Src/cJSON.c:2529:23:cJSON_CreateArrayReference	24	static
../Core/Src/cJSON.c:2539:23:cJSON_CreateRaw	24	static
../Core/Src/cJSON.c:2556:23:cJSON_CreateArray	16	static
../Core/Src/cJSON.c:2567:23:cJSON_CreateObject	16	static
../Core/Src/cJSON.c:2579:23:cJSON_CreateIntArray	32	static
../Core/Src/cJSON.c:2619:23:cJSON_CreateFloatArray	32	static
../Core/Src/cJSON.c:2659:23:cJSON_CreateDoubleArray	32	static
../Core/Src/cJSON.c:2699:23:cJSON_CreateStringArray	32	static
../Core/Src/cJSON.c:2742:23:cJSON_Duplicate	16	static
../Core/Src/cJSON.c:2747:9:cJSON_Duplicate_rec	40	static
../Core/Src/cJSON.c:2833:13:skip_oneline_comment	16	static
../Core/Src/cJSON.c:2846:13:skip_multiline_comment	16	static
../Core/Src/cJSON.c:2860:13:minify_string	16	static
../Core/Src/cJSON.c:2882:20:cJSON_Minify	24	static
../Core/Src/cJSON.c:2930:26:cJSON_IsInvalid	16	static
../Core/Src/cJSON.c:2940:26:cJSON_IsFalse	16	static
../Core/Src/cJSON.c:2950:26:cJSON_IsTrue	16	static
../Core/Src/cJSON.c:2961:26:cJSON_IsBool	16	static
../Core/Src/cJSON.c:2970:26:cJSON_IsNull	16	static
../Core/Src/cJSON.c:2980:26:cJSON_IsNumber	16	static
../Core/Src/cJSON.c:2990:26:cJSON_IsString	16	static
../Core/Src/cJSON.c:3000:26:cJSON_IsArray	16	static
../Core/Src/cJSON.c:3010:26:cJSON_IsObject	16	static
../Core/Src/cJSON.c:3020:26:cJSON_IsRaw	16	static
../Core/Src/cJSON.c:3030:26:cJSON_Compare	40	static
../Core/Src/cJSON.c:3155:22:cJSON_malloc	16	static
../Core/Src/cJSON.c:3160:20:cJSON_free	16	static
